#
# There is insufficient memory for the Java Runtime Environment to continue.
# Native memory allocation (mmap) failed to map 96468992 bytes. Error detail: G1 virtual space
# Possible reasons:
#   The system is out of physical RAM or swap space
#   This process is running with CompressedOops enabled, and the Java Heap may be blocking the growth of the native heap
# Possible solutions:
#   Reduce memory load on the system
#   Increase physical memory or swap space
#   Check if swap backing store is full
#   Decrease Java heap size (-Xmx/-Xms)
#   Decrease number of Java threads
#   Decrease Java thread stack sizes (-Xss)
#   Set larger code cache with -XX:ReservedCodeCacheSize=
#   JVM is running with Zero Based Compressed Oops mode in which the Java heap is
#     placed in the first 32GB address space. The Java Heap base address is the
#     maximum limit for the native heap growth. Please use -XX:HeapBaseMinAddress
#     to set the Java Heap base and to place the Java Heap above 32GB virtual address.
# This output file may be truncated or incomplete.
#
#  Out of Memory Error (os_windows.cpp:3714), pid=18484, tid=20660
#
# JRE version: OpenJDK Runtime Environment Temurin-21.0.10+7 (21.0.10+7) (build 21.0.10+7-LTS)
# Java VM: OpenJDK 64-Bit Server VM Temurin-21.0.10+7 (21.0.10+7-LTS, mixed mode, sharing, tiered, compressed oops, compressed class ptrs, g1 gc, windows-amd64)
# No core dump will be written. Minidumps are not enabled by default on client versions of Windows
#

---------------  S U M M A R Y ------------

Command Line: --add-opens=java.base/java.lang=ALL-UNNAMED --add-opens=java.base/java.lang.invoke=ALL-UNNAMED --add-opens=java.base/java.util=ALL-UNNAMED --add-opens=java.prefs/java.util.prefs=ALL-UNNAMED --add-exports=jdk.compiler/com.sun.tools.javac.api=ALL-UNNAMED --add-exports=jdk.compiler/com.sun.tools.javac.util=ALL-UNNAMED --add-opens=java.base/java.util=ALL-UNNAMED --add-opens=java.prefs/java.util.prefs=ALL-UNNAMED --add-opens=java.base/java.nio.charset=ALL-UNNAMED --add-opens=java.base/java.net=ALL-UNNAMED --add-opens=java.base/java.util.concurrent.atomic=ALL-UNNAMED --add-opens=java.xml/javax.xml.namespace=ALL-UNNAMED -XX:MaxMetaspaceSize=4G -XX:ReservedCodeCacheSize=512m -XX:+HeapDumpOnOutOfMemoryError -Xmx8G -Dfile.encoding=UTF-8 -Duser.country=GB -Duser.language=en -Duser.variant -javaagent:C:\Users\ThinkPad\.gradle\wrapper\dists\gradle-8.14-all\c2qonpi39x1mddn7hk5gh9iqj\gradle-8.14\lib\agents\gradle-instrumentation-agent-8.14.jar org.gradle.launcher.daemon.bootstrap.GradleDaemon 8.14

Host: Intel(R) Core(TM) i7-8650U CPU @ 1.90GHz, 8 cores, 7G,  Windows 11 , 64 bit Build 26100 (10.0.26100.8328)
Time: Wed May 13 07:14:46 2026 SE Asia Standard Time elapsed time: 129.316089 seconds (0d 0h 2m 9s)

---------------  T H R E A D  ---------------

Current thread (0x0000019ee8a315f0):  VMThread "VM Thread"          [id=20660, stack(0x0000003357a00000,0x0000003357b00000) (1024K)]

Stack: [0x0000003357a00000,0x0000003357b00000]
Native frames: (J=compiled Java code, j=interpreted, Vv=VM code, C=native code)
V  [jvm.dll+0x6d7a39]
V  [jvm.dll+0x8b4b26]
V  [jvm.dll+0x8b70de]
V  [jvm.dll+0x8b77c3]
V  [jvm.dll+0x284346]
V  [jvm.dll+0x6d4355]
V  [jvm.dll+0x6c808a]
V  [jvm.dll+0x35edb8]
V  [jvm.dll+0x3669f6]
V  [jvm.dll+0x3b7afe]
V  [jvm.dll+0x3b7da8]
V  [jvm.dll+0x332fbc]
V  [jvm.dll+0x333047]
V  [jvm.dll+0x376e1c]
V  [jvm.dll+0x3755be]
V  [jvm.dll+0x332701]
V  [jvm.dll+0x374c2a]
V  [jvm.dll+0x8bd4b0]
V  [jvm.dll+0x8be824]
V  [jvm.dll+0x8bed50]
V  [jvm.dll+0x8beff3]
V  [jvm.dll+0x85f59d]
V  [jvm.dll+0x6d626d]
C  [ucrtbase.dll+0x37b0]
C  [KERNEL32.DLL+0x2e957]
C  [ntdll.dll+0x427c]

VM_Operation (0x00000033593ff510): G1CollectForAllocation, mode: safepoint, requested by thread 0x0000019f30033e20


---------------  P R O C E S S  ---------------

Threads class SMR info:
_java_thread_list=0x0000019f32f20e50, length=138, elements={
0x0000019eb9134f50, 0x0000019ee8a4a0b0, 0x0000019ee8a4ab10, 0x0000019ee8a50f00,
0x0000019ee8a51be0, 0x0000019ee8a53270, 0x0000019ee8a53e00, 0x0000019ee8a625f0,
0x0000019ee8a632f0, 0x0000019ee956a2d0, 0x0000019ee95845c0, 0x0000019f30033790,
0x0000019f300316c0, 0x0000019f300344b0, 0x0000019f30033100, 0x0000019f300323e0,
0x0000019f30031030, 0x0000019f30032a70, 0x0000019f30033e20, 0x0000019f302808e0,
0x0000019f30280f70, 0x0000019f30282320, 0x0000019f30281c90, 0x0000019f302829b0,
0x0000019f30281600, 0x0000019f30283040, 0x0000019f3027fbc0, 0x0000019f30eb50d0,
0x0000019f30eb43b0, 0x0000019f30eb6b10, 0x0000019f30eb5760, 0x0000019f30eb4a40,
0x0000019f30eb3690, 0x0000019f30eb71a0, 0x0000019f30eb9270, 0x0000019f30eb9900,
0x0000019f30eba620, 0x0000019f30eb7ec0, 0x0000019f30eb8550, 0x0000019f30eb8be0,
0x0000019f2f5b3be0, 0x0000019f2f5b2830, 0x0000019f2f5b1480, 0x0000019f2f5b1b10,
0x0000019f2f5b0760, 0x0000019f2f5b2ec0, 0x0000019f2f5b0df0, 0x0000019f2f5b3550,
0x0000019f2f5b4900, 0x0000019f2f5b4f90, 0x0000019f2f5b4270, 0x0000019f2f5b5620,
0x0000019f2f5b21a0, 0x0000019f2f5b69d0, 0x0000019f2f5b5cb0, 0x0000019f2f5b6340,
0x0000019f2f5b7060, 0x0000019f32e18170, 0x0000019f32e1b5f0, 0x0000019f32e19bb0,
0x0000019f32e19520, 0x0000019f32e1af60, 0x0000019f32e1a8d0, 0x0000019f32e1a240,
0x0000019f32e1bc80, 0x0000019f32e1c310, 0x0000019f32e18e90, 0x0000019f32e1c9a0,
0x0000019f31d7c200, 0x0000019f31d7e960, 0x0000019f31d7b4e0, 0x0000019f31d7eff0,
0x0000019f31d7bb70, 0x0000019f31d7e2d0, 0x0000019f31d7cf20, 0x0000019f31d7fd10,
0x0000019f31d7c890, 0x0000019f31d7f680, 0x0000019f31d803a0, 0x0000019f31d80a30,
0x0000019f31d7d5b0, 0x0000019f31d810c0, 0x0000019f31d7dc40, 0x0000019f31d81de0,
0x0000019f31d82b00, 0x0000019f31d81750, 0x0000019f31d82470, 0x0000019f31c4ec80,
0x0000019f31c50030, 0x0000019f31c4e5f0, 0x0000019f31c4cbb0, 0x0000019f31c50d50,
0x0000019f31c513e0, 0x0000019f31c4df60, 0x0000019f31c51a70, 0x0000019f31c53b40,
0x0000019f31c52790, 0x0000019f31c52e20, 0x0000019f31c534b0, 0x0000019f31c506c0,
0x0000019f31c541d0, 0x0000019f30b68fd0, 0x0000019f30b6c450, 0x0000019f30b6aa10,
0x0000019f30b6cae0, 0x0000019f30b69660, 0x0000019f30b69cf0, 0x0000019f30b6b0a0,
0x0000019f30b6b730, 0x0000019f30b6a380, 0x0000019f30b6d170, 0x0000019f30b6d800,
0x0000019f30b6de90, 0x0000019f30b6e520, 0x0000019f30b6ebb0, 0x0000019f30b6f240,
0x0000019f30b6bdc0, 0x0000019f3526f5a0, 0x0000019f341fef40, 0x0000019f341fe220,
0x0000019f341fe8b0, 0x0000019f34201010, 0x0000019f34203e00, 0x0000019f3503fe90,
0x0000019f3503eae0, 0x0000019f3503d730, 0x0000019f3503f800, 0x0000019f3503ca10,
0x0000019f3503ddc0, 0x0000019f3503f170, 0x0000019f35044030, 0x0000019f350425f0,
0x0000019f350439a0, 0x0000019f35040bb0, 0x0000019f35042c80, 0x0000019f350446c0,
0x0000019f35041240, 0x0000019f35044d50
}

Java Threads: ( => current thread )
  0x0000019eb9134f50 JavaThread "main"                              [_thread_blocked, id=3896, stack(0x0000003357300000,0x0000003357400000) (1024K)]
  0x0000019ee8a4a0b0 JavaThread "Reference Handler"          daemon [_thread_blocked, id=12536, stack(0x0000003357b00000,0x0000003357c00000) (1024K)]
  0x0000019ee8a4ab10 JavaThread "Finalizer"                  daemon [_thread_blocked, id=22076, stack(0x0000003357c00000,0x0000003357d00000) (1024K)]
  0x0000019ee8a50f00 JavaThread "Signal Dispatcher"          daemon [_thread_blocked, id=17164, stack(0x0000003357d00000,0x0000003357e00000) (1024K)]
  0x0000019ee8a51be0 JavaThread "Attach Listener"            daemon [_thread_blocked, id=13020, stack(0x0000003357e00000,0x0000003357f00000) (1024K)]
  0x0000019ee8a53270 JavaThread "Service Thread"             daemon [_thread_blocked, id=8100, stack(0x0000003357f00000,0x0000003358000000) (1024K)]
  0x0000019ee8a53e00 JavaThread "Monitor Deflation Thread"   daemon [_thread_blocked, id=1084, stack(0x0000003358000000,0x0000003358100000) (1024K)]
  0x0000019ee8a625f0 JavaThread "C2 CompilerThread0"         daemon [_thread_blocked, id=20416, stack(0x0000003358100000,0x0000003358200000) (1024K)]
  0x0000019ee8a632f0 JavaThread "C1 CompilerThread0"         daemon [_thread_blocked, id=22212, stack(0x0000003358200000,0x0000003358300000) (1024K)]
  0x0000019ee956a2d0 JavaThread "Common-Cleaner"             daemon [_thread_blocked, id=16228, stack(0x0000003358300000,0x0000003358400000) (1024K)]
  0x0000019ee95845c0 JavaThread "Notification Thread"        daemon [_thread_blocked, id=13580, stack(0x0000003358400000,0x0000003358500000) (1024K)]
  0x0000019f30033790 JavaThread "Daemon health stats"               [_thread_blocked, id=7220, stack(0x0000003358800000,0x0000003358900000) (1024K)]
  0x0000019f300316c0 JavaThread "Incoming local TCP Connector on port 51770"        [_thread_in_native, id=21808, stack(0x0000003358b00000,0x0000003358c00000) (1024K)]
  0x0000019f300344b0 JavaThread "Daemon periodic checks"            [_thread_blocked, id=9308, stack(0x0000003358c00000,0x0000003358d00000) (1024K)]
  0x0000019f30033100 JavaThread "Daemon"                            [_thread_blocked, id=17292, stack(0x0000003358d00000,0x0000003358e00000) (1024K)]
  0x0000019f300323e0 JavaThread "Handler for socket connection from /127.0.0.1:51770 to /127.0.0.1:51771"        [_thread_in_native, id=6544, stack(0x0000003358e00000,0x0000003358f00000) (1024K)]
  0x0000019f30031030 JavaThread "Cancel handler"                    [_thread_blocked, id=12980, stack(0x0000003358500000,0x0000003358600000) (1024K)]
  0x0000019f30032a70 JavaThread "Daemon worker"                     [_thread_blocked, id=17664, stack(0x0000003359200000,0x0000003359300000) (1024K)]
  0x0000019f30033e20 JavaThread "Asynchronous log dispatcher for DefaultDaemonConnection: socket connection from /127.0.0.1:51770 to /127.0.0.1:51771"        [_thread_blocked, id=11860, stack(0x0000003359300000,0x0000003359400000) (1024K)]
  0x0000019f302808e0 JavaThread "Stdin handler"                     [_thread_blocked, id=20316, stack(0x0000003359400000,0x0000003359500000) (1024K)]
  0x0000019f30280f70 JavaThread "Daemon client event forwarder"        [_thread_blocked, id=14932, stack(0x0000003359500000,0x0000003359600000) (1024K)]
  0x0000019f30282320 JavaThread "Cache worker for journal cache (C:\Users\ThinkPad\.gradle\caches\journal-1)"        [_thread_blocked, id=14284, stack(0x0000003359600000,0x0000003359700000) (1024K)]
  0x0000019f30281c90 JavaThread "File lock request listener"        [_thread_in_native, id=21332, stack(0x0000003359700000,0x0000003359800000) (1024K)]
  0x0000019f302829b0 JavaThread "Cache worker for file hash cache (C:\Users\ThinkPad\.gradle\caches\8.14\fileHashes)"        [_thread_blocked, id=12260, stack(0x0000003359800000,0x0000003359900000) (1024K)]
  0x0000019f30281600 JavaThread "Cache worker for file hash cache (D:\PBL2026\WishWash-App\mobile\android\.gradle\8.14\fileHashes)"        [_thread_blocked, id=2584, stack(0x0000003359c00000,0x0000003359d00000) (1024K)]
  0x0000019f30283040 JavaThread "Cache worker for Build Output Cleanup Cache (D:\PBL2026\WishWash-App\mobile\android\.gradle\buildOutputCleanup)"        [_thread_blocked, id=16536, stack(0x0000003359d00000,0x0000003359e00000) (1024K)]
  0x0000019f3027fbc0 JavaThread "File watcher server"        daemon [_thread_in_native, id=5480, stack(0x0000003359e00000,0x0000003359f00000) (1024K)]
  0x0000019f30eb50d0 JavaThread "File watcher consumer"      daemon [_thread_blocked, id=10324, stack(0x0000003359f00000,0x000000335a000000) (1024K)]
  0x0000019f30eb43b0 JavaThread "jar transforms"                    [_thread_blocked, id=17100, stack(0x0000003359a00000,0x0000003359b00000) (1024K)]
  0x0000019f30eb6b10 JavaThread "jar transforms Thread 2"           [_thread_blocked, id=13140, stack(0x000000335a000000,0x000000335a100000) (1024K)]
  0x0000019f30eb5760 JavaThread "Cache worker for checksums cache (D:\PBL2026\WishWash-App\mobile\android\.gradle\8.14\checksums)"        [_thread_blocked, id=20520, stack(0x000000335a200000,0x000000335a300000) (1024K)]
  0x0000019f30eb4a40 JavaThread "Cache worker for file content cache (C:\Users\ThinkPad\.gradle\caches\8.14\fileContent)"        [_thread_blocked, id=20904, stack(0x000000335a300000,0x000000335a400000) (1024K)]
  0x0000019f30eb3690 JavaThread "Cache worker for cache directory md-supplier (C:\Users\ThinkPad\.gradle\caches\8.14\md-supplier)"        [_thread_blocked, id=10148, stack(0x000000335a100000,0x000000335a200000) (1024K)]
  0x0000019f30eb71a0 JavaThread "Cache worker for cache directory md-rule (C:\Users\ThinkPad\.gradle\caches\8.14\md-rule)"        [_thread_blocked, id=22204, stack(0x000000335a400000,0x000000335a500000) (1024K)]
  0x0000019f30eb9270 JavaThread "Cache worker for Build Output Cleanup Cache (D:\fluttter\flutter\packages\flutter_tools\gradle\.gradle\buildOutputCleanup)"        [_thread_blocked, id=19584, stack(0x000000335a500000,0x000000335a600000) (1024K)]
  0x0000019f30eb9900 JavaThread "Unconstrained build operations"        [_thread_blocked, id=12084, stack(0x0000003359900000,0x0000003359a00000) (1024K)]
  0x0000019f30eba620 JavaThread "Unconstrained build operations Thread 2"        [_thread_blocked, id=20492, stack(0x000000335a700000,0x000000335a800000) (1024K)]
  0x0000019f30eb7ec0 JavaThread "Unconstrained build operations Thread 3"        [_thread_blocked, id=5408, stack(0x000000335a800000,0x000000335a900000) (1024K)]
  0x0000019f30eb8550 JavaThread "Unconstrained build operations Thread 4"        [_thread_blocked, id=12996, stack(0x000000335a900000,0x000000335aa00000) (1024K)]
  0x0000019f30eb8be0 JavaThread "Unconstrained build operations Thread 5"        [_thread_blocked, id=6508, stack(0x000000335aa00000,0x000000335ab00000) (1024K)]
  0x0000019f2f5b3be0 JavaThread "Unconstrained build operations Thread 6"        [_thread_blocked, id=2732, stack(0x000000335ab00000,0x000000335ac00000) (1024K)]
  0x0000019f2f5b2830 JavaThread "Unconstrained build operations Thread 7"        [_thread_blocked, id=13708, stack(0x000000335ac00000,0x000000335ad00000) (1024K)]
  0x0000019f2f5b1480 JavaThread "Unconstrained build operations Thread 8"        [_thread_blocked, id=4080, stack(0x000000335ae00000,0x000000335af00000) (1024K)]
  0x0000019f2f5b1b10 JavaThread "Unconstrained build operations Thread 9"        [_thread_blocked, id=8280, stack(0x000000335af00000,0x000000335b000000) (1024K)]
  0x0000019f2f5b0760 JavaThread "Unconstrained build operations Thread 10"        [_thread_blocked, id=9228, stack(0x000000335b000000,0x000000335b100000) (1024K)]
  0x0000019f2f5b2ec0 JavaThread "Unconstrained build operations Thread 11"        [_thread_blocked, id=15312, stack(0x000000335b100000,0x000000335b200000) (1024K)]
  0x0000019f2f5b0df0 JavaThread "Unconstrained build operations Thread 12"        [_thread_blocked, id=19176, stack(0x000000335b200000,0x000000335b300000) (1024K)]
  0x0000019f2f5b3550 JavaThread "Unconstrained build operations Thread 13"        [_thread_blocked, id=13100, stack(0x000000335b300000,0x000000335b400000) (1024K)]
  0x0000019f2f5b4900 JavaThread "Unconstrained build operations Thread 14"        [_thread_blocked, id=5488, stack(0x000000335b400000,0x000000335b500000) (1024K)]
  0x0000019f2f5b4f90 JavaThread "Unconstrained build operations Thread 15"        [_thread_blocked, id=22172, stack(0x000000335b500000,0x000000335b600000) (1024K)]
  0x0000019f2f5b4270 JavaThread "Unconstrained build operations Thread 16"        [_thread_blocked, id=20568, stack(0x000000335b600000,0x000000335b700000) (1024K)]
  0x0000019f2f5b5620 JavaThread "Unconstrained build operations Thread 17"        [_thread_blocked, id=18216, stack(0x000000335b700000,0x000000335b800000) (1024K)]
  0x0000019f2f5b21a0 JavaThread "Unconstrained build operations Thread 18"        [_thread_blocked, id=16792, stack(0x000000335b800000,0x000000335b900000) (1024K)]
  0x0000019f2f5b69d0 JavaThread "Unconstrained build operations Thread 19"        [_thread_blocked, id=1552, stack(0x000000335b900000,0x000000335ba00000) (1024K)]
  0x0000019f2f5b5cb0 JavaThread "Unconstrained build operations Thread 20"        [_thread_blocked, id=18956, stack(0x000000335ba00000,0x000000335bb00000) (1024K)]
  0x0000019f2f5b6340 JavaThread "Unconstrained build operations Thread 21"        [_thread_blocked, id=4188, stack(0x000000335bb00000,0x000000335bc00000) (1024K)]
  0x0000019f2f5b7060 JavaThread "Memory manager"                    [_thread_blocked, id=17276, stack(0x000000335bc00000,0x000000335bd00000) (1024K)]
  0x0000019f32e18170 JavaThread "build event listener"              [_thread_blocked, id=19720, stack(0x000000335bd00000,0x000000335be00000) (1024K)]
  0x0000019f32e1b5f0 JavaThread "included builds"                   [_thread_blocked, id=15536, stack(0x000000335be00000,0x000000335bf00000) (1024K)]
  0x0000019f32e19bb0 JavaThread "Execution worker"                  [_thread_blocked, id=4668, stack(0x000000335bf00000,0x000000335c000000) (1024K)]
  0x0000019f32e19520 JavaThread "Execution worker Thread 2"         [_thread_blocked, id=13824, stack(0x000000335c000000,0x000000335c100000) (1024K)]
  0x0000019f32e1af60 JavaThread "Execution worker Thread 3"         [_thread_blocked, id=15996, stack(0x000000335c100000,0x000000335c200000) (1024K)]
  0x0000019f32e1a8d0 JavaThread "Execution worker Thread 4"         [_thread_blocked, id=17432, stack(0x000000335c200000,0x000000335c300000) (1024K)]
  0x0000019f32e1a240 JavaThread "Execution worker Thread 5"         [_thread_blocked, id=8060, stack(0x000000335c300000,0x000000335c400000) (1024K)]
  0x0000019f32e1bc80 JavaThread "Execution worker Thread 6"         [_thread_blocked, id=10576, stack(0x000000335c400000,0x000000335c500000) (1024K)]
  0x0000019f32e1c310 JavaThread "Execution worker Thread 7"         [_thread_blocked, id=11940, stack(0x000000335c500000,0x000000335c600000) (1024K)]
  0x0000019f32e18e90 JavaThread "Cache worker for execution history cache (D:\fluttter\flutter\packages\flutter_tools\gradle\.gradle\8.14\executionHistory)"        [_thread_blocked, id=12736, stack(0x000000335c600000,0x000000335c700000) (1024K)]
  0x0000019f32e1c9a0 JavaThread "Unconstrained build operations Thread 22"        [_thread_blocked, id=3084, stack(0x000000335ad00000,0x000000335ae00000) (1024K)]
  0x0000019f31d7c200 JavaThread "Unconstrained build operations Thread 23"        [_thread_blocked, id=4236, stack(0x000000335c700000,0x000000335c800000) (1024K)]
  0x0000019f31d7e960 JavaThread "Unconstrained build operations Thread 24"        [_thread_blocked, id=14784, stack(0x000000335c800000,0x000000335c900000) (1024K)]
  0x0000019f31d7b4e0 JavaThread "Unconstrained build operations Thread 25"        [_thread_blocked, id=14740, stack(0x000000335c900000,0x000000335ca00000) (1024K)]
  0x0000019f31d7eff0 JavaThread "Unconstrained build operations Thread 26"        [_thread_blocked, id=11340, stack(0x000000335ca00000,0x000000335cb00000) (1024K)]
  0x0000019f31d7bb70 JavaThread "Unconstrained build operations Thread 27"        [_thread_blocked, id=15492, stack(0x000000335cb00000,0x000000335cc00000) (1024K)]
  0x0000019f31d7e2d0 JavaThread "Unconstrained build operations Thread 28"        [_thread_blocked, id=22036, stack(0x000000335cc00000,0x000000335cd00000) (1024K)]
  0x0000019f31d7cf20 JavaThread "Unconstrained build operations Thread 29"        [_thread_blocked, id=19344, stack(0x000000335cd00000,0x000000335ce00000) (1024K)]
  0x0000019f31d7fd10 JavaThread "Unconstrained build operations Thread 30"        [_thread_blocked, id=18064, stack(0x000000335ce00000,0x000000335cf00000) (1024K)]
  0x0000019f31d7c890 JavaThread "Unconstrained build operations Thread 31"        [_thread_blocked, id=17504, stack(0x000000335cf00000,0x000000335d000000) (1024K)]
  0x0000019f31d7f680 JavaThread "Unconstrained build operations Thread 32"        [_thread_blocked, id=8212, stack(0x000000335d000000,0x000000335d100000) (1024K)]
  0x0000019f31d803a0 JavaThread "Unconstrained build operations Thread 33"        [_thread_blocked, id=16956, stack(0x000000335d100000,0x000000335d200000) (1024K)]
  0x0000019f31d80a30 JavaThread "Unconstrained build operations Thread 34"        [_thread_blocked, id=21340, stack(0x000000335d200000,0x000000335d300000) (1024K)]
  0x0000019f31d7d5b0 JavaThread "Unconstrained build operations Thread 35"        [_thread_blocked, id=16512, stack(0x000000335d300000,0x000000335d400000) (1024K)]
  0x0000019f31d810c0 JavaThread "Unconstrained build operations Thread 36"        [_thread_blocked, id=6468, stack(0x000000335d400000,0x000000335d500000) (1024K)]
  0x0000019f31d7dc40 JavaThread "Unconstrained build operations Thread 37"        [_thread_blocked, id=22028, stack(0x000000335d500000,0x000000335d600000) (1024K)]
  0x0000019f31d81de0 JavaThread "Unconstrained build operations Thread 38"        [_thread_blocked, id=15896, stack(0x000000335d600000,0x000000335d700000) (1024K)]
  0x0000019f31d82b00 JavaThread "Unconstrained build operations Thread 39"        [_thread_blocked, id=16176, stack(0x000000335d700000,0x000000335d800000) (1024K)]
  0x0000019f31d81750 JavaThread "Unconstrained build operations Thread 40"        [_thread_blocked, id=21384, stack(0x000000335d800000,0x000000335d900000) (1024K)]
  0x0000019f31d82470 JavaThread "Unconstrained build operations Thread 41"        [_thread_blocked, id=18600, stack(0x000000335d900000,0x000000335da00000) (1024K)]
  0x0000019f31c4ec80 JavaThread "Unconstrained build operations Thread 42"        [_thread_blocked, id=16744, stack(0x000000335da00000,0x000000335db00000) (1024K)]
  0x0000019f31c50030 JavaThread "Unconstrained build operations Thread 43"        [_thread_blocked, id=21684, stack(0x000000335db00000,0x000000335dc00000) (1024K)]
  0x0000019f31c4e5f0 JavaThread "Unconstrained build operations Thread 44"        [_thread_blocked, id=21816, stack(0x000000335dc00000,0x000000335dd00000) (1024K)]
  0x0000019f31c4cbb0 JavaThread "WorkerExecutor Queue"              [_thread_blocked, id=20572, stack(0x000000335dd00000,0x000000335de00000) (1024K)]
  0x0000019f31c50d50 JavaThread "RMI Scheduler(0)"           daemon [_thread_blocked, id=21400, stack(0x0000003357000000,0x0000003357100000) (1024K)]
  0x0000019f31c513e0 JavaThread "RMI GC Daemon"              daemon [_thread_blocked, id=8544, stack(0x000000335df00000,0x000000335e000000) (1024K)]
  0x0000019f31c4df60 JavaThread "RMI TCP Accept-0"           daemon [_thread_in_native, id=15456, stack(0x000000335e000000,0x000000335e100000) (1024K)]
  0x0000019f31c51a70 JavaThread "RMI Reaper"                        [_thread_blocked, id=17700, stack(0x000000335e100000,0x000000335e200000) (1024K)]
  0x0000019f31c53b40 JavaThread "RMI TCP Connection(idle)"   daemon [_thread_blocked, id=18512, stack(0x000000335e200000,0x000000335e300000) (1024K)]
  0x0000019f31c52790 JavaThread "Unconstrained build operations Thread 45"        [_thread_blocked, id=11248, stack(0x0000003357100000,0x0000003357200000) (1024K)]
  0x0000019f31c52e20 JavaThread "Unconstrained build operations Thread 46"        [_thread_blocked, id=12936, stack(0x0000003357200000,0x0000003357300000) (1024K)]
  0x0000019f31c534b0 JavaThread "Unconstrained build operations Thread 47"        [_thread_blocked, id=19576, stack(0x000000335de00000,0x000000335df00000) (1024K)]
  0x0000019f31c506c0 JavaThread "Unconstrained build operations Thread 48"        [_thread_blocked, id=12832, stack(0x000000335e500000,0x000000335e600000) (1024K)]
  0x0000019f31c541d0 JavaThread "Unconstrained build operations Thread 49"        [_thread_blocked, id=20132, stack(0x000000335e600000,0x000000335e700000) (1024K)]
  0x0000019f30b68fd0 JavaThread "Unconstrained build operations Thread 50"        [_thread_blocked, id=19468, stack(0x000000335e700000,0x000000335e800000) (1024K)]
  0x0000019f30b6c450 JavaThread "Unconstrained build operations Thread 51"        [_thread_blocked, id=18736, stack(0x000000335e800000,0x000000335e900000) (1024K)]
  0x0000019f30b6aa10 JavaThread "Unconstrained build operations Thread 52"        [_thread_blocked, id=11280, stack(0x000000335e900000,0x000000335ea00000) (1024K)]
  0x0000019f30b6cae0 JavaThread "Unconstrained build operations Thread 53"        [_thread_blocked, id=10104, stack(0x000000335ea00000,0x000000335eb00000) (1024K)]
  0x0000019f30b69660 JavaThread "Unconstrained build operations Thread 54"        [_thread_blocked, id=17352, stack(0x000000335eb00000,0x000000335ec00000) (1024K)]
  0x0000019f30b69cf0 JavaThread "Unconstrained build operations Thread 55"        [_thread_blocked, id=12880, stack(0x000000335ec00000,0x000000335ed00000) (1024K)]
  0x0000019f30b6b0a0 JavaThread "Unconstrained build operations Thread 56"        [_thread_blocked, id=9208, stack(0x000000335ed00000,0x000000335ee00000) (1024K)]
  0x0000019f30b6b730 JavaThread "Unconstrained build operations Thread 57"        [_thread_blocked, id=6648, stack(0x000000335ee00000,0x000000335ef00000) (1024K)]
  0x0000019f30b6a380 JavaThread "Unconstrained build operations Thread 58"        [_thread_blocked, id=3524, stack(0x000000335ef00000,0x000000335f000000) (1024K)]
  0x0000019f30b6d170 JavaThread "Unconstrained build operations Thread 59"        [_thread_blocked, id=6572, stack(0x000000335f100000,0x000000335f200000) (1024K)]
  0x0000019f30b6d800 JavaThread "Unconstrained build operations Thread 60"        [_thread_blocked, id=15676, stack(0x000000335f200000,0x000000335f300000) (1024K)]
  0x0000019f30b6de90 JavaThread "Unconstrained build operations Thread 61"        [_thread_blocked, id=4932, stack(0x000000335f300000,0x000000335f400000) (1024K)]
  0x0000019f30b6e520 JavaThread "Unconstrained build operations Thread 62"        [_thread_blocked, id=18664, stack(0x000000335f400000,0x000000335f500000) (1024K)]
  0x0000019f30b6ebb0 JavaThread "Unconstrained build operations Thread 63"        [_thread_blocked, id=17456, stack(0x000000335f500000,0x000000335f600000) (1024K)]
  0x0000019f30b6f240 JavaThread "Unconstrained build operations Thread 64"        [_thread_blocked, id=7704, stack(0x000000335f600000,0x000000335f700000) (1024K)]
  0x0000019f30b6bdc0 JavaThread "Unconstrained build operations Thread 65"        [_thread_blocked, id=13752, stack(0x000000335f700000,0x000000335f800000) (1024K)]
  0x0000019f3526f5a0 JavaThread "build event listener"              [_thread_blocked, id=11772, stack(0x000000335f900000,0x000000335fa00000) (1024K)]
  0x0000019f341fef40 JavaThread "jar transforms Thread 3"           [_thread_blocked, id=21484, stack(0x000000335f800000,0x000000335f900000) (1024K)]
  0x0000019f341fe220 JavaThread "jar transforms Thread 4"           [_thread_blocked, id=10288, stack(0x000000335fa00000,0x000000335fb00000) (1024K)]
  0x0000019f341fe8b0 JavaThread "Problems report writer"            [_thread_blocked, id=4216, stack(0x000000335fb00000,0x000000335fc00000) (1024K)]
  0x0000019f34201010 JavaThread "jar transforms Thread 5"           [_thread_blocked, id=16568, stack(0x000000335fd00000,0x000000335fe00000) (1024K)]
  0x0000019f34203e00 JavaThread "jar transforms Thread 6"           [_thread_blocked, id=5720, stack(0x000000335fc00000,0x000000335fd00000) (1024K)]
  0x0000019f3503fe90 JavaThread "Unconstrained build operations Thread 66"        [_thread_blocked, id=16268, stack(0x000000335f000000,0x000000335f100000) (1024K)]
  0x0000019f3503eae0 JavaThread "Unconstrained build operations Thread 67"        [_thread_blocked, id=4848, stack(0x000000335fe00000,0x000000335ff00000) (1024K)]
  0x0000019f3503d730 JavaThread "Unconstrained build operations Thread 68"        [_thread_blocked, id=21812, stack(0x000000335ff00000,0x0000003360000000) (1024K)]
  0x0000019f3503f800 JavaThread "Unconstrained build operations Thread 69"        [_thread_blocked, id=7104, stack(0x0000003360000000,0x0000003360100000) (1024K)]
  0x0000019f3503ca10 JavaThread "Unconstrained build operations Thread 70"        [_thread_blocked, id=7324, stack(0x0000003360100000,0x0000003360200000) (1024K)]
  0x0000019f3503ddc0 JavaThread "Unconstrained build operations Thread 71"        [_thread_blocked, id=5312, stack(0x0000003360200000,0x0000003360300000) (1024K)]
  0x0000019f3503f170 JavaThread "Unconstrained build operations Thread 72"        [_thread_blocked, id=3688, stack(0x0000003360300000,0x0000003360400000) (1024K)]
  0x0000019f35044030 JavaThread "Unconstrained build operations Thread 73"        [_thread_blocked, id=3920, stack(0x0000003360400000,0x0000003360500000) (1024K)]
  0x0000019f350425f0 JavaThread "Unconstrained build operations Thread 74"        [_thread_blocked, id=10908, stack(0x0000003360500000,0x0000003360600000) (1024K)]
  0x0000019f350439a0 JavaThread "Unconstrained build operations Thread 75"        [_thread_blocked, id=15432, stack(0x0000003360600000,0x0000003360700000) (1024K)]
  0x0000019f35040bb0 JavaThread "Unconstrained build operations Thread 76"        [_thread_blocked, id=14896, stack(0x0000003360700000,0x0000003360800000) (1024K)]
  0x0000019f35042c80 JavaThread "Unconstrained build operations Thread 77"        [_thread_blocked, id=6896, stack(0x0000003360800000,0x0000003360900000) (1024K)]
  0x0000019f350446c0 JavaThread "Unconstrained build operations Thread 78"        [_thread_blocked, id=1864, stack(0x0000003360a00000,0x0000003360b00000) (1024K)]
  0x0000019f35041240 JavaThread "Unconstrained build operations Thread 79"        [_thread_blocked, id=19760, stack(0x0000003360b00000,0x0000003360c00000) (1024K)]
  0x0000019f35044d50 JavaThread "Unconstrained build operations Thread 80"        [_thread_blocked, id=22508, stack(0x0000003360c00000,0x0000003360d00000) (1024K)]
Total: 138

Other Threads:
=>0x0000019ee8a315f0 VMThread "VM Thread"                           [id=20660, stack(0x0000003357a00000,0x0000003357b00000) (1024K)]
  0x0000019ee8a16980 WatcherThread "VM Periodic Task Thread"        [id=4524, stack(0x0000003357900000,0x0000003357a00000) (1024K)]
  0x0000019eb91de760 WorkerThread "GC Thread#0"                     [id=20604, stack(0x0000003357400000,0x0000003357500000) (1024K)]
  0x0000019ee970d6c0 WorkerThread "GC Thread#1"                     [id=7832, stack(0x0000003358600000,0x0000003358700000) (1024K)]
  0x0000019ee970c150 WorkerThread "GC Thread#2"                     [id=16088, stack(0x0000003358700000,0x0000003358800000) (1024K)]
  0x0000019ee99984e0 WorkerThread "GC Thread#3"                     [id=15064, stack(0x0000003358900000,0x0000003358a00000) (1024K)]
  0x0000019ee9997620 WorkerThread "GC Thread#4"                     [id=12244, stack(0x0000003358a00000,0x0000003358b00000) (1024K)]
  0x0000019f30248090 WorkerThread "GC Thread#5"                     [id=6464, stack(0x0000003358f00000,0x0000003359000000) (1024K)]
  0x0000019f302471d0 WorkerThread "GC Thread#6"                     [id=10276, stack(0x0000003359000000,0x0000003359100000) (1024K)]
  0x0000019f30247ce0 WorkerThread "GC Thread#7"                     [id=6032, stack(0x0000003359100000,0x0000003359200000) (1024K)]
  0x0000019eb91ec4d0 ConcurrentGCThread "G1 Main Marker"            [id=19992, stack(0x0000003357500000,0x0000003357600000) (1024K)]
  0x0000019eb91ed690 WorkerThread "G1 Conc#0"                       [id=20052, stack(0x0000003357600000,0x0000003357700000) (1024K)]
  0x0000019f302496b0 WorkerThread "G1 Conc#1"                       [id=6528, stack(0x0000003359b00000,0x0000003359c00000) (1024K)]
  0x0000019ee88e0990 ConcurrentGCThread "G1 Refine#0"               [id=20908, stack(0x0000003357700000,0x0000003357800000) (1024K)]
  0x0000019ee88e22d0 ConcurrentGCThread "G1 Service"                [id=7536, stack(0x0000003357800000,0x0000003357900000) (1024K)]
Total: 15

Threads with active compile tasks:
Total: 0

VM state: at safepoint (normal execution)

VM Mutex/Monitor currently owned by a thread:  ([mutex/lock_event])
[0x00007ff9dcb4e560] Threads_lock - owner thread: 0x0000019ee8a315f0
[0x00007ff9dcb4e660] Heap_lock - owner thread: 0x0000019f30033e20

Heap address: 0x0000000600000000, size: 8192 MB, Compressed Oops mode: Zero based, Oop shift amount: 3

CDS archive(s) mapped at: [0x0000019eea000000-0x0000019eeaba0000-0x0000019eeaba0000), size 12189696, SharedBaseAddress: 0x0000019eea000000, ArchiveRelocationMode: 1.
Compressed class space mapped at: 0x0000019eeb000000-0x0000019f2b000000, reserved size: 1073741824
Narrow klass base: 0x0000019eea000000, Narrow klass shift: 0, Narrow klass range: 0x100000000

GC Precious Log:
 CardTable entry size: 512
 Card Set container configuration: InlinePtr #cards 4 size 8 Array Of Cards #cards 32 size 80 Howl #buckets 8 coarsen threshold 7372 Howl Bitmap #cards 1024 size 144 coarsen threshold 921 Card regions per heap region 1 cards per card region 8192
 CPUs: 8 total, 8 available
 Memory: 8075M
 Large Page Support: Disabled
 NUMA Support: Disabled
 Compressed Oops: Enabled (Zero based)
 Heap Region Size: 4M
 Heap Min Capacity: 8M
 Heap Initial Capacity: 128M
 Heap Max Capacity: 8G
 Pre-touch: Disabled
 Parallel Workers: 8
 Concurrent Workers: 2
 Concurrent Refinement Workers: 8
 Periodic GC: Disabled

Heap:
 garbage-first heap   total 327680K, used 201354K [0x0000000600000000, 0x0000000800000000)
  region size 4096K, 3 young (12288K), 3 survivors (12288K)
 Metaspace       used 177678K, committed 180672K, reserved 1245184K
  class space    used 23860K, committed 25344K, reserved 1048576K

Heap Regions: E=young(eden), S=young(survivor), O=old, HS=humongous(starts), HC=humongous(continues), CS=collection set, F=free, TAMS=top-at-mark-start, PB=parsable bottom
|   0|0x0000000600000000, 0x0000000600400000, 0x0000000600400000|100%|HS|  |TAMS 0x0000000600000000| PB 0x0000000600000000| Complete 
|   1|0x0000000600400000, 0x0000000600800000, 0x0000000600800000|100%| O|  |TAMS 0x0000000600400000| PB 0x0000000600400000| Untracked 
|   2|0x0000000600800000, 0x0000000600c00000, 0x0000000600c00000|100%| O|  |TAMS 0x0000000600800000| PB 0x0000000600800000| Untracked 
|   3|0x0000000600c00000, 0x0000000601000000, 0x0000000601000000|100%| O|  |TAMS 0x0000000600c00000| PB 0x0000000600c00000| Untracked 
|   4|0x0000000601000000, 0x0000000601400000, 0x0000000601400000|100%|HS|  |TAMS 0x0000000601000000| PB 0x0000000601000000| Complete 
|   5|0x0000000601400000, 0x0000000601800000, 0x0000000601800000|100%| O|  |TAMS 0x0000000601400000| PB 0x0000000601400000| Untracked 
|   6|0x0000000601800000, 0x0000000601c00000, 0x0000000601c00000|100%| O|  |TAMS 0x0000000601800000| PB 0x0000000601800000| Untracked 
|   7|0x0000000601c00000, 0x0000000602000000, 0x0000000602000000|100%| O|  |TAMS 0x0000000601c00000| PB 0x0000000601c00000| Untracked 
|   8|0x0000000602000000, 0x0000000602400000, 0x0000000602400000|100%| O|  |TAMS 0x0000000602000000| PB 0x0000000602000000| Untracked 
|   9|0x0000000602400000, 0x0000000602800000, 0x0000000602800000|100%| O|  |TAMS 0x0000000602400000| PB 0x0000000602400000| Untracked 
|  10|0x0000000602800000, 0x0000000602c00000, 0x0000000602c00000|100%|HS|  |TAMS 0x0000000602800000| PB 0x0000000602800000| Complete 
|  11|0x0000000602c00000, 0x0000000603000000, 0x0000000603000000|100%| O|  |TAMS 0x0000000602c00000| PB 0x0000000602c00000| Untracked 
|  12|0x0000000603000000, 0x0000000603400000, 0x0000000603400000|100%| O|  |TAMS 0x0000000603000000| PB 0x0000000603000000| Untracked 
|  13|0x0000000603400000, 0x0000000603800000, 0x0000000603800000|100%| O|  |TAMS 0x0000000603400000| PB 0x0000000603400000| Untracked 
|  14|0x0000000603800000, 0x0000000603c00000, 0x0000000603c00000|100%| O|  |TAMS 0x0000000603800000| PB 0x0000000603800000| Untracked 
|  15|0x0000000603c00000, 0x0000000604000000, 0x0000000604000000|100%| O|  |TAMS 0x0000000603c00000| PB 0x0000000603c00000| Untracked 
|  16|0x0000000604000000, 0x0000000604400000, 0x0000000604400000|100%| O|  |TAMS 0x0000000604000000| PB 0x0000000604000000| Untracked 
|  17|0x0000000604400000, 0x0000000604800000, 0x0000000604800000|100%| O|  |TAMS 0x0000000604400000| PB 0x0000000604400000| Untracked 
|  18|0x0000000604800000, 0x0000000604c00000, 0x0000000604c00000|100%| O|  |TAMS 0x0000000604800000| PB 0x0000000604800000| Untracked 
|  19|0x0000000604c00000, 0x0000000605000000, 0x0000000605000000|100%| O|  |TAMS 0x0000000604c00000| PB 0x0000000604c00000| Untracked 
|  20|0x0000000605000000, 0x0000000605400000, 0x0000000605400000|100%| O|  |TAMS 0x0000000605000000| PB 0x0000000605000000| Untracked 
|  21|0x0000000605400000, 0x0000000605800000, 0x0000000605800000|100%| O|  |TAMS 0x0000000605400000| PB 0x0000000605400000| Untracked 
|  22|0x0000000605800000, 0x0000000605800000, 0x0000000605c00000|  0%| F|  |TAMS 0x0000000605800000| PB 0x0000000605800000| Untracked 
|  23|0x0000000605c00000, 0x0000000606000000, 0x0000000606000000|100%| O|  |TAMS 0x0000000605c00000| PB 0x0000000605c00000| Untracked 
|  24|0x0000000606000000, 0x0000000606400000, 0x0000000606400000|100%| O|  |TAMS 0x0000000606000000| PB 0x0000000606000000| Untracked 
|  25|0x0000000606400000, 0x0000000606800000, 0x0000000606800000|100%| O|  |TAMS 0x0000000606400000| PB 0x0000000606400000| Untracked 
|  26|0x0000000606800000, 0x0000000606c00000, 0x0000000606c00000|100%| O|  |TAMS 0x0000000606800000| PB 0x0000000606800000| Untracked 
|  27|0x0000000606c00000, 0x0000000607000000, 0x0000000607000000|100%| O|  |TAMS 0x0000000606c00000| PB 0x0000000606c00000| Untracked 
|  28|0x0000000607000000, 0x0000000607400000, 0x0000000607400000|100%| O|  |TAMS 0x0000000607000000| PB 0x0000000607000000| Untracked 
|  29|0x0000000607400000, 0x0000000607800000, 0x0000000607800000|100%| O|  |TAMS 0x0000000607400000| PB 0x0000000607400000| Untracked 
|  30|0x0000000607800000, 0x0000000607c00000, 0x0000000607c00000|100%| O|  |TAMS 0x0000000607800000| PB 0x0000000607800000| Untracked 
|  31|0x0000000607c00000, 0x0000000608000000, 0x0000000608000000|100%| O|  |TAMS 0x0000000607c00000| PB 0x0000000607c00000| Untracked 
|  32|0x0000000608000000, 0x0000000608400000, 0x0000000608400000|100%| O|  |TAMS 0x0000000608000000| PB 0x0000000608000000| Untracked 
|  33|0x0000000608400000, 0x0000000608800000, 0x0000000608800000|100%| O|  |TAMS 0x0000000608400000| PB 0x0000000608400000| Untracked 
|  34|0x0000000608800000, 0x0000000608c00000, 0x0000000608c00000|100%| O|  |TAMS 0x0000000608800000| PB 0x0000000608800000| Untracked 
|  35|0x0000000608c00000, 0x0000000609000000, 0x0000000609000000|100%| O|  |TAMS 0x0000000608c00000| PB 0x0000000608c00000| Untracked 
|  36|0x0000000609000000, 0x0000000609000000, 0x0000000609400000|  0%| F|  |TAMS 0x0000000609000000| PB 0x0000000609000000| Untracked 
|  37|0x0000000609400000, 0x0000000609800000, 0x0000000609800000|100%|HS|  |TAMS 0x0000000609400000| PB 0x0000000609400000| Complete 
|  38|0x0000000609800000, 0x0000000609c00000, 0x0000000609c00000|100%|HC|  |TAMS 0x0000000609800000| PB 0x0000000609800000| Complete 
|  39|0x0000000609c00000, 0x000000060a000000, 0x000000060a000000|100%| O|  |TAMS 0x0000000609c00000| PB 0x0000000609c00000| Untracked 
|  40|0x000000060a000000, 0x000000060a400000, 0x000000060a400000|100%| O|  |TAMS 0x000000060a000000| PB 0x000000060a000000| Untracked 
|  41|0x000000060a400000, 0x000000060a800000, 0x000000060a800000|100%| O|  |TAMS 0x000000060a400000| PB 0x000000060a400000| Untracked 
|  42|0x000000060a800000, 0x000000060ac00000, 0x000000060ac00000|100%| O|  |TAMS 0x000000060a800000| PB 0x000000060a800000| Untracked 
|  43|0x000000060ac00000, 0x000000060b000000, 0x000000060b000000|100%| O|  |TAMS 0x000000060ac00000| PB 0x000000060ac00000| Untracked 
|  44|0x000000060b000000, 0x000000060b07d690, 0x000000060b400000| 12%| O|  |TAMS 0x000000060b000000| PB 0x000000060b000000| Untracked 
|  45|0x000000060b400000, 0x000000060b400000, 0x000000060b800000|  0%| F|  |TAMS 0x000000060b400000| PB 0x000000060b400000| Untracked 
|  46|0x000000060b800000, 0x000000060b800000, 0x000000060bc00000|  0%| F|  |TAMS 0x000000060b800000| PB 0x000000060b800000| Untracked 
|  47|0x000000060bc00000, 0x000000060bc254d8, 0x000000060c000000|  3%| S|CS|TAMS 0x000000060bc00000| PB 0x000000060bc00000| Complete 
|  48|0x000000060c000000, 0x000000060c400000, 0x000000060c400000|100%| S|CS|TAMS 0x000000060c000000| PB 0x000000060c000000| Complete 
|  49|0x000000060c400000, 0x000000060c800000, 0x000000060c800000|100%| S|CS|TAMS 0x000000060c400000| PB 0x000000060c400000| Complete 
|  50|0x000000060c800000, 0x000000060c800000, 0x000000060cc00000|  0%| F|  |TAMS 0x000000060c800000| PB 0x000000060c800000| Untracked 
|  51|0x000000060cc00000, 0x000000060cc00000, 0x000000060d000000|  0%| F|  |TAMS 0x000000060cc00000| PB 0x000000060cc00000| Untracked 
|  52|0x000000060d000000, 0x000000060d000000, 0x000000060d400000|  0%| F|  |TAMS 0x000000060d000000| PB 0x000000060d000000| Untracked 
|  53|0x000000060d400000, 0x000000060d400000, 0x000000060d800000|  0%| F|  |TAMS 0x000000060d400000| PB 0x000000060d400000| Untracked 
|  54|0x000000060d800000, 0x000000060d800000, 0x000000060dc00000|  0%| F|  |TAMS 0x000000060d800000| PB 0x000000060d800000| Untracked 
|  55|0x000000060dc00000, 0x000000060dc00000, 0x000000060e000000|  0%| F|  |TAMS 0x000000060dc00000| PB 0x000000060dc00000| Untracked 
|  56|0x000000060e000000, 0x000000060e000000, 0x000000060e400000|  0%| F|  |TAMS 0x000000060e000000| PB 0x000000060e000000| Untracked 
|  57|0x000000060e400000, 0x000000060e400000, 0x000000060e800000|  0%| F|  |TAMS 0x000000060e400000| PB 0x000000060e400000| Untracked 
|  58|0x000000060e800000, 0x000000060e800000, 0x000000060ec00000|  0%| F|  |TAMS 0x000000060e800000| PB 0x000000060e800000| Untracked 
|  59|0x000000060ec00000, 0x000000060ec00000, 0x000000060f000000|  0%| F|  |TAMS 0x000000060ec00000| PB 0x000000060ec00000| Untracked 
|  60|0x000000060f000000, 0x000000060f000000, 0x000000060f400000|  0%| F|  |TAMS 0x000000060f000000| PB 0x000000060f000000| Untracked 
|  61|0x000000060f400000, 0x000000060f400000, 0x000000060f800000|  0%| F|  |TAMS 0x000000060f400000| PB 0x000000060f400000| Untracked 
|  62|0x000000060f800000, 0x000000060f800000, 0x000000060fc00000|  0%| F|  |TAMS 0x000000060f800000| PB 0x000000060f800000| Untracked 
|  63|0x000000060fc00000, 0x000000060fc00000, 0x0000000610000000|  0%| F|  |TAMS 0x000000060fc00000| PB 0x000000060fc00000| Untracked 
|  64|0x0000000610000000, 0x0000000610000000, 0x0000000610400000|  0%| F|  |TAMS 0x0000000610000000| PB 0x0000000610000000| Untracked 
|  65|0x0000000610400000, 0x0000000610400000, 0x0000000610800000|  0%| F|  |TAMS 0x0000000610400000| PB 0x0000000610400000| Untracked 
|  66|0x0000000610800000, 0x0000000610800000, 0x0000000610c00000|  0%| F|  |TAMS 0x0000000610800000| PB 0x0000000610800000| Untracked 
|  67|0x0000000610c00000, 0x0000000610c00000, 0x0000000611000000|  0%| F|  |TAMS 0x0000000610c00000| PB 0x0000000610c00000| Untracked 
|  68|0x0000000611000000, 0x0000000611000000, 0x0000000611400000|  0%| F|  |TAMS 0x0000000611000000| PB 0x0000000611000000| Untracked 
|  69|0x0000000611400000, 0x0000000611400000, 0x0000000611800000|  0%| F|  |TAMS 0x0000000611400000| PB 0x0000000611400000| Untracked 
|  70|0x0000000611800000, 0x0000000611800000, 0x0000000611c00000|  0%| F|  |TAMS 0x0000000611800000| PB 0x0000000611800000| Untracked 
|  71|0x0000000611c00000, 0x0000000611c00000, 0x0000000612000000|  0%| F|  |TAMS 0x0000000611c00000| PB 0x0000000611c00000| Untracked 
|  72|0x0000000612000000, 0x0000000612000000, 0x0000000612400000|  0%| F|  |TAMS 0x0000000612000000| PB 0x0000000612000000| Untracked 
|  73|0x0000000612400000, 0x0000000612400000, 0x0000000612800000|  0%| F|  |TAMS 0x0000000612400000| PB 0x0000000612400000| Untracked 
|  74|0x0000000612800000, 0x0000000612800000, 0x0000000612c00000|  0%| F|  |TAMS 0x0000000612800000| PB 0x0000000612800000| Untracked 
|2043|0x00000007fec00000, 0x00000007ff000000, 0x00000007ff000000|100%| O|  |TAMS 0x00000007fec00000| PB 0x00000007fec00000| Untracked 
|2044|0x00000007ff000000, 0x00000007ff400000, 0x00000007ff400000|100%| O|  |TAMS 0x00000007ff000000| PB 0x00000007ff000000| Untracked 
|2045|0x00000007ff400000, 0x00000007ff800000, 0x00000007ff800000|100%| O|  |TAMS 0x00000007ff400000| PB 0x00000007ff400000| Untracked 
|2046|0x00000007ff800000, 0x00000007ffc00000, 0x00000007ffc00000|100%| O|  |TAMS 0x00000007ff800000| PB 0x00000007ff800000| Untracked 
|2047|0x00000007ffc00000, 0x0000000800000000, 0x0000000800000000|100%| O|  |TAMS 0x00000007ffc00000| PB 0x00000007ffc00000| Untracked 

Card table byte_map: [0x0000019edd890000,0x0000019ede890000] _byte_map_base: 0x0000019eda890000

Marking Bits: (CMBitMap*) 0x0000019eb91ded80
 Bits: [0x0000019ede890000, 0x0000019ee6890000)

Polling page: 0x0000019eb88f0000

Metaspace:

Usage:
  Non-class:    150.21 MB used.
      Class:     23.30 MB used.
       Both:    173.51 MB used.

Virtual space:
  Non-class space:      192.00 MB reserved,     151.69 MB ( 79%) committed,  3 nodes.
      Class space:        1.00 GB reserved,      24.75 MB (  2%) committed,  1 nodes.
             Both:        1.19 GB reserved,     176.44 MB ( 15%) committed. 

Chunk freelists:
   Non-Class:  8.00 MB
       Class:  7.20 MB
        Both:  15.20 MB

MaxMetaspaceSize: 4.00 GB
CompressedClassSpaceSize: 1.00 GB
Initial GC threshold: 21.00 MB
Current GC threshold: 265.56 MB
CDS: on
 - commit_granule_bytes: 65536.
 - commit_granule_words: 8192.
 - virtual_space_node_default_size: 8388608.
 - enlarge_chunks_in_place: 1.
 - use_allocation_guard: 0.


Internal statistics:

num_allocs_failed_limit: 12.
num_arena_births: 5630.
num_arena_deaths: 0.
num_vsnodes_births: 4.
num_vsnodes_deaths: 0.
num_space_committed: 2821.
num_space_uncommitted: 0.
num_chunks_returned_to_freelist: 12.
num_chunks_taken_from_freelist: 13262.
num_chunk_merges: 12.
num_chunk_splits: 9121.
num_chunks_enlarged: 6145.
num_inconsistent_stats: 0.

CodeHeap 'non-profiled nmethods': size=259264Kb used=11388Kb max_used=11388Kb free=247875Kb
 bounds [0x0000019ecc600000, 0x0000019ecd120000, 0x0000019edc330000]
CodeHeap 'profiled nmethods': size=259264Kb used=33919Kb max_used=33919Kb free=225344Kb
 bounds [0x0000019ebc330000, 0x0000019ebe450000, 0x0000019ecc060000]
CodeHeap 'non-nmethods': size=5760Kb used=3075Kb max_used=3173Kb free=2684Kb
 bounds [0x0000019ecc060000, 0x0000019ecc390000, 0x0000019ecc600000]
CodeCache: size=524288Kb, used=48382Kb, max_used=48480Kb, free=475903Kb
 total_blobs=18146, nmethods=16850, adapters=1198, full_count=0
Compilation: enabled, stopped_count=0, restarted_count=0

Compilation events (20 events):
Event: 128.718 Thread 0x0000019ee8a632f0 19831       3       org.gradle.api.internal.artifacts.DownloadArtifactBuildOperationType$DetailsImpl::<init> (10 bytes)
Event: 128.719 Thread 0x0000019ee8a632f0 nmethod 19831 0x0000019ebe44ba90 code [0x0000019ebe44bc40, 0x0000019ebe44be00]
Event: 128.722 Thread 0x0000019ee8a632f0 19832       3       org.gradle.api.internal.file.AttributeBasedFileVisitDetailsFactory::getRootFileVisitDetails (16 bytes)
Event: 128.723 Thread 0x0000019ee8a632f0 nmethod 19832 0x0000019ebe44bf10 code [0x0000019ebe44c0c0, 0x0000019ebe44c238]
Event: 128.751 Thread 0x0000019ee8a632f0 19833       3       org.apache.http.message.AbstractHttpMessage::getHeaders (9 bytes)
Event: 128.751 Thread 0x0000019ee8a632f0 nmethod 19833 0x0000019ebe44c310 code [0x0000019ebe44c4c0, 0x0000019ebe44c620]
Event: 128.752 Thread 0x0000019ee8a632f0 19834   !   3       java.security.SecureRandom::nextBytes (46 bytes)
Event: 128.753 Thread 0x0000019ee8a632f0 nmethod 19834 0x0000019ebe44c710 code [0x0000019ebe44c920, 0x0000019ebe44ce40]
Event: 128.757 Thread 0x0000019ee8a632f0 19835       3       java.text.DigitList::fitsIntoLong (162 bytes)
Event: 128.758 Thread 0x0000019ee8a632f0 nmethod 19835 0x0000019ebe44d110 code [0x0000019ebe44d320, 0x0000019ebe44d960]
Event: 128.758 Thread 0x0000019ee8a632f0 19836       3       java.text.DigitList::isLongMIN_VALUE (56 bytes)
Event: 128.758 Thread 0x0000019ee8a632f0 nmethod 19836 0x0000019ebe44db10 code [0x0000019ebe44dce0, 0x0000019ebe44dfe8]
Event: 128.758 Thread 0x0000019ee8a632f0 19837       3       java.text.DigitList::getStringBuilder (36 bytes)
Event: 128.758 Thread 0x0000019ee8a632f0 nmethod 19837 0x0000019ebe44e110 code [0x0000019ebe44e2e0, 0x0000019ebe44e660]
Event: 129.031 Thread 0x0000019ee8a632f0 19838       3       org.gradle.api.internal.artifacts.ivyservice.resolveengine.artifact.ArtifactBackedResolvedVariant$DownloadArtifactFile::run (24 bytes)
Event: 129.032 Thread 0x0000019ee8a632f0 nmethod 19838 0x0000019ebe44e810 code [0x0000019ebe44ea00, 0x0000019ebe44ee48]
Event: 129.032 Thread 0x0000019ee8a632f0 19839       3       org.gradle.api.internal.artifacts.ivyservice.modulecache.artifacts.DefaultModuleArtifactCache::lookup (14 bytes)
Event: 129.032 Thread 0x0000019ee8a632f0 nmethod 19839 0x0000019ebe44f010 code [0x0000019ebe44f1e0, 0x0000019ebe44f618]
Event: 129.224 Thread 0x0000019ee8a632f0 19840       3       com.sun.crypto.provider.GaloisCounterMode$GCMEngine::getBufferedLength (19 bytes)
Event: 129.224 Thread 0x0000019ee8a632f0 nmethod 19840 0x0000019ebe44f790 code [0x0000019ebe44f940, 0x0000019ebe44fc20]

GC Heap History (20 events):
Event: 100.867 GC heap after
{Heap after GC invocations=43 (full 0):
 garbage-first heap   total 204800K, used 126685K [0x0000000600000000, 0x0000000800000000)
  region size 4096K, 2 young (8192K), 2 survivors (8192K)
 Metaspace       used 111762K, committed 114176K, reserved 1179648K
  class space    used 15910K, committed 17088K, reserved 1048576K
}
Event: 101.993 GC heap before
{Heap before GC invocations=44 (full 0):
 garbage-first heap   total 221184K, used 184029K [0x0000000600000000, 0x0000000800000000)
  region size 4096K, 16 young (65536K), 2 survivors (8192K)
 Metaspace       used 115000K, committed 117568K, reserved 1179648K
  class space    used 16356K, committed 17600K, reserved 1048576K
}
Event: 102.004 GC heap after
{Heap after GC invocations=45 (full 0):
 garbage-first heap   total 221184K, used 131411K [0x0000000600000000, 0x0000000800000000)
  region size 4096K, 2 young (8192K), 2 survivors (8192K)
 Metaspace       used 115000K, committed 117568K, reserved 1179648K
  class space    used 16356K, committed 17600K, reserved 1048576K
}
Event: 104.648 GC heap before
{Heap before GC invocations=45 (full 0):
 garbage-first heap   total 221184K, used 201043K [0x0000000600000000, 0x0000000800000000)
  region size 4096K, 19 young (77824K), 2 survivors (8192K)
 Metaspace       used 117005K, committed 119488K, reserved 1179648K
  class space    used 16649K, committed 17856K, reserved 1048576K
}
Event: 104.684 GC heap after
{Heap after GC invocations=46 (full 0):
 garbage-first heap   total 266240K, used 137104K [0x0000000600000000, 0x0000000800000000)
  region size 4096K, 3 young (12288K), 3 survivors (12288K)
 Metaspace       used 117005K, committed 119488K, reserved 1179648K
  class space    used 16649K, committed 17856K, reserved 1048576K
}
Event: 107.316 GC heap before
{Heap before GC invocations=46 (full 0):
 garbage-first heap   total 266240K, used 243600K [0x0000000600000000, 0x0000000800000000)
  region size 4096K, 28 young (114688K), 3 survivors (12288K)
 Metaspace       used 131113K, committed 133824K, reserved 1179648K
  class space    used 18834K, committed 20160K, reserved 1048576K
}
Event: 107.333 GC heap after
{Heap after GC invocations=47 (full 0):
 garbage-first heap   total 270336K, used 153631K [0x0000000600000000, 0x0000000800000000)
  region size 4096K, 4 young (16384K), 4 survivors (16384K)
 Metaspace       used 131113K, committed 133824K, reserved 1179648K
  class space    used 18834K, committed 20160K, reserved 1048576K
}
Event: 108.100 GC heap before
{Heap before GC invocations=47 (full 0):
 garbage-first heap   total 270336K, used 243743K [0x0000000600000000, 0x0000000800000000)
  region size 4096K, 26 young (106496K), 4 survivors (16384K)
 Metaspace       used 133291K, committed 135936K, reserved 1179648K
  class space    used 19096K, committed 20416K, reserved 1048576K
}
Event: 108.170 GC heap after
{Heap after GC invocations=48 (full 0):
 garbage-first heap   total 282624K, used 165737K [0x0000000600000000, 0x0000000800000000)
  region size 4096K, 4 young (16384K), 4 survivors (16384K)
 Metaspace       used 133291K, committed 135936K, reserved 1179648K
  class space    used 19096K, committed 20416K, reserved 1048576K
}
Event: 108.681 GC heap before
{Heap before GC invocations=48 (full 0):
 garbage-first heap   total 282624K, used 178025K [0x0000000600000000, 0x0000000800000000)
  region size 4096K, 8 young (32768K), 4 survivors (16384K)
 Metaspace       used 135161K, committed 137792K, reserved 1179648K
  class space    used 19296K, committed 20608K, reserved 1048576K
}
Event: 108.718 GC heap after
{Heap after GC invocations=49 (full 0):
 garbage-first heap   total 282624K, used 170490K [0x0000000600000000, 0x0000000800000000)
  region size 4096K, 1 young (4096K), 1 survivors (4096K)
 Metaspace       used 135161K, committed 137792K, reserved 1179648K
  class space    used 19296K, committed 20608K, reserved 1048576K
}
Event: 110.231 GC heap before
{Heap before GC invocations=50 (full 0):
 garbage-first heap   total 303104K, used 260602K [0x0000000600000000, 0x0000000800000000)
  region size 4096K, 21 young (86016K), 1 survivors (4096K)
 Metaspace       used 144162K, committed 147072K, reserved 1179648K
  class space    used 20298K, committed 21760K, reserved 1048576K
}
Event: 110.240 GC heap after
{Heap after GC invocations=51 (full 0):
 garbage-first heap   total 303104K, used 182603K [0x0000000600000000, 0x0000000800000000)
  region size 4096K, 2 young (8192K), 2 survivors (8192K)
 Metaspace       used 144162K, committed 147072K, reserved 1179648K
  class space    used 20298K, committed 21760K, reserved 1048576K
}
Event: 111.831 GC heap before
{Heap before GC invocations=51 (full 0):
 garbage-first heap   total 303104K, used 268619K [0x0000000600000000, 0x0000000800000000)
  region size 4096K, 23 young (94208K), 2 survivors (8192K)
 Metaspace       used 151692K, committed 154688K, reserved 1245184K
  class space    used 21244K, committed 22720K, reserved 1048576K
}
Event: 111.862 GC heap after
{Heap after GC invocations=52 (full 0):
 garbage-first heap   total 303104K, used 186929K [0x0000000600000000, 0x0000000800000000)
  region size 4096K, 3 young (12288K), 3 survivors (12288K)
 Metaspace       used 151692K, committed 154688K, reserved 1245184K
  class space    used 21244K, committed 22720K, reserved 1048576K
}
Event: 113.625 GC heap before
{Heap before GC invocations=52 (full 0):
 garbage-first heap   total 303104K, used 272945K [0x0000000600000000, 0x0000000800000000)
  region size 4096K, 24 young (98304K), 3 survivors (12288K)
 Metaspace       used 158885K, committed 161920K, reserved 1245184K
  class space    used 22035K, committed 23552K, reserved 1048576K
}
Event: 113.638 GC heap after
{Heap after GC invocations=53 (full 0):
 garbage-first heap   total 303104K, used 193598K [0x0000000600000000, 0x0000000800000000)
  region size 4096K, 3 young (12288K), 3 survivors (12288K)
 Metaspace       used 158885K, committed 161920K, reserved 1245184K
  class space    used 22035K, committed 23552K, reserved 1048576K
}
Event: 115.565 GC heap before
{Heap before GC invocations=54 (full 0):
 garbage-first heap   total 327680K, used 275518K [0x0000000600000000, 0x0000000800000000)
  region size 4096K, 23 young (94208K), 3 survivors (12288K)
 Metaspace       used 171004K, committed 174016K, reserved 1245184K
  class space    used 23248K, committed 24768K, reserved 1048576K
}
Event: 115.583 GC heap after
{Heap after GC invocations=55 (full 0):
 garbage-first heap   total 327680K, used 198234K [0x0000000600000000, 0x0000000800000000)
  region size 4096K, 1 young (4096K), 1 survivors (4096K)
 Metaspace       used 171004K, committed 174016K, reserved 1245184K
  class space    used 23248K, committed 24768K, reserved 1048576K
}
Event: 129.281 GC heap before
{Heap before GC invocations=55 (full 0):
 garbage-first heap   total 327680K, used 296538K [0x0000000600000000, 0x0000000800000000)
  region size 4096K, 25 young (102400K), 1 survivors (4096K)
 Metaspace       used 177678K, committed 180672K, reserved 1245184K
  class space    used 23860K, committed 25344K, reserved 1048576K
}

Dll operation events (15 events):
Event: 0.016 Loaded shared library C:\Users\ThinkPad\.vscode\extensions\redhat.java-1.54.0-win32-x64\jre\21.0.10-win32-x86_64\bin\java.dll
Event: 0.107 Loaded shared library C:\Users\ThinkPad\.vscode\extensions\redhat.java-1.54.0-win32-x64\jre\21.0.10-win32-x86_64\bin\zip.dll
Event: 0.145 Loaded shared library C:\Users\ThinkPad\.vscode\extensions\redhat.java-1.54.0-win32-x64\jre\21.0.10-win32-x86_64\bin\instrument.dll
Event: 0.152 Loaded shared library C:\Users\ThinkPad\.vscode\extensions\redhat.java-1.54.0-win32-x64\jre\21.0.10-win32-x86_64\bin\net.dll
Event: 0.155 Loaded shared library C:\Users\ThinkPad\.vscode\extensions\redhat.java-1.54.0-win32-x64\jre\21.0.10-win32-x86_64\bin\nio.dll
Event: 0.158 Loaded shared library C:\Users\ThinkPad\.vscode\extensions\redhat.java-1.54.0-win32-x64\jre\21.0.10-win32-x86_64\bin\zip.dll
Event: 0.599 Loaded shared library C:\Users\ThinkPad\.vscode\extensions\redhat.java-1.54.0-win32-x64\jre\21.0.10-win32-x86_64\bin\jimage.dll
Event: 0.831 Loaded shared library C:\Users\ThinkPad\.vscode\extensions\redhat.java-1.54.0-win32-x64\jre\21.0.10-win32-x86_64\bin\verify.dll
Event: 1.002 Loaded shared library C:\Users\ThinkPad\.gradle\native\1def1411415f61bf3af743bc5b6707747c0891f09f0c88961ee8f79bc544acac\windows-amd64\native-platform.dll
Event: 1.115 Loaded shared library C:\Users\ThinkPad\.gradle\native\0.2.7\x86_64-windows-gnu\gradle-fileevents.dll
Event: 2.906 Loaded shared library C:\Users\ThinkPad\.vscode\extensions\redhat.java-1.54.0-win32-x64\jre\21.0.10-win32-x86_64\bin\management.dll
Event: 2.912 Loaded shared library C:\Users\ThinkPad\.vscode\extensions\redhat.java-1.54.0-win32-x64\jre\21.0.10-win32-x86_64\bin\management_ext.dll
Event: 3.144 Loaded shared library C:\Users\ThinkPad\.vscode\extensions\redhat.java-1.54.0-win32-x64\jre\21.0.10-win32-x86_64\bin\extnet.dll
Event: 3.447 Loaded shared library C:\Users\ThinkPad\.vscode\extensions\redhat.java-1.54.0-win32-x64\jre\21.0.10-win32-x86_64\bin\sunmscapi.dll
Event: 32.614 Loaded shared library C:\Users\ThinkPad\.vscode\extensions\redhat.java-1.54.0-win32-x64\jre\21.0.10-win32-x86_64\bin\rmi.dll

Deoptimization events (20 events):
Event: 124.851 Thread 0x0000019f35041240 DEOPT PACKING pc=0x0000019ecd0aebac sp=0x0000003360bfc7d0
Event: 124.851 Thread 0x0000019f35041240 DEOPT UNPACKING pc=0x0000019ecc0b4422 sp=0x0000003360bfc710 mode 2
Event: 124.852 Thread 0x0000019f350446c0 Uncommon trap: trap_request=0xffffff45 fr.pc=0x0000019ecd0aebac relative=0x000000000000132c
Event: 124.852 Thread 0x0000019f350446c0 Uncommon trap: reason=unstable_if action=reinterpret pc=0x0000019ecd0aebac method=sun.nio.ch.NioSocketImpl.timedRead(Ljava/io/FileDescriptor;[BIIJ)I @ 45 c2
Event: 124.852 Thread 0x0000019f350446c0 DEOPT PACKING pc=0x0000019ecd0aebac sp=0x0000003360afcae0
Event: 124.852 Thread 0x0000019f350446c0 DEOPT UNPACKING pc=0x0000019ecc0b4422 sp=0x0000003360afca20 mode 2
Event: 124.899 Thread 0x0000019f2f5b3be0 Uncommon trap: trap_request=0xffffff45 fr.pc=0x0000019ecd08cb40 relative=0x0000000000000120
Event: 124.899 Thread 0x0000019f2f5b3be0 Uncommon trap: reason=unstable_if action=reinterpret pc=0x0000019ecd08cb40 method=java.math.BigDecimal.longMultiplyPowerTen(JI)J @ 42 c2
Event: 124.899 Thread 0x0000019f2f5b3be0 DEOPT PACKING pc=0x0000019ecd08cb40 sp=0x000000335abfd4b0
Event: 124.899 Thread 0x0000019f2f5b3be0 DEOPT UNPACKING pc=0x0000019ecc0b4422 sp=0x000000335abfd418 mode 2
Event: 125.307 Thread 0x0000019f30eb8be0 Uncommon trap: trap_request=0xffffffbe fr.pc=0x0000019ecd0f3ed4 relative=0x0000000000001814
Event: 125.307 Thread 0x0000019f30eb8be0 Uncommon trap: reason=profile_predicate action=maybe_recompile pc=0x0000019ecd0f3ed4 method=sun.security.ssl.SSLTransport.decode(Lsun/security/ssl/TransportContext;[Ljava/nio/ByteBuffer;II[Ljava/nio/ByteBuffer;II)Lsun/security/ssl/Plaintext; @ 178 c2
Event: 125.307 Thread 0x0000019f30eb8be0 DEOPT PACKING pc=0x0000019ecd0f3ed4 sp=0x000000335aafc800
Event: 125.307 Thread 0x0000019f30eb8be0 DEOPT UNPACKING pc=0x0000019ecc0b4422 sp=0x000000335aafc7c8 mode 2
Event: 125.309 Thread 0x0000019f30eb8be0 Uncommon trap: trap_request=0xffffffbe fr.pc=0x0000019ecd0f3ed4 relative=0x0000000000001814
Event: 125.309 Thread 0x0000019f30eb8be0 Uncommon trap: reason=profile_predicate action=maybe_recompile pc=0x0000019ecd0f3ed4 method=sun.security.ssl.SSLTransport.decode(Lsun/security/ssl/TransportContext;[Ljava/nio/ByteBuffer;II[Ljava/nio/ByteBuffer;II)Lsun/security/ssl/Plaintext; @ 178 c2
Event: 125.309 Thread 0x0000019f30eb8be0 DEOPT PACKING pc=0x0000019ecd0f3ed4 sp=0x000000335aafc800
Event: 125.309 Thread 0x0000019f30eb8be0 DEOPT UNPACKING pc=0x0000019ecc0b4422 sp=0x000000335aafc7c8 mode 2
Event: 126.964 Thread 0x0000019f350446c0 DEOPT PACKING pc=0x0000019ebe1852f8 sp=0x0000003360afd670
Event: 126.964 Thread 0x0000019f350446c0 DEOPT UNPACKING pc=0x0000019ecc0b4bc2 sp=0x0000003360afcb80 mode 0

Classes loaded (20 events):
Event: 117.612 Loading class com/sun/org/apache/xerces/internal/dom/DeferredTextImpl
Event: 117.612 Loading class com/sun/org/apache/xerces/internal/dom/TextImpl
Event: 117.613 Loading class org/w3c/dom/CharacterData
Event: 117.613 Loading class org/w3c/dom/CharacterData done
Event: 117.613 Loading class org/w3c/dom/Text
Event: 117.613 Loading class org/w3c/dom/Text done
Event: 117.613 Loading class com/sun/org/apache/xerces/internal/dom/CharacterDataImpl
Event: 117.613 Loading class com/sun/org/apache/xerces/internal/dom/CharacterDataImpl done
Event: 117.613 Loading class com/sun/org/apache/xerces/internal/dom/TextImpl done
Event: 117.613 Loading class com/sun/org/apache/xerces/internal/dom/DeferredTextImpl done
Event: 117.614 Loading class com/sun/org/apache/xerces/internal/dom/CharacterDataImpl$1
Event: 117.614 Loading class com/sun/org/apache/xerces/internal/dom/CharacterDataImpl$1 done
Event: 117.614 Loading class com/sun/org/apache/xerces/internal/dom/DeferredCommentImpl
Event: 117.614 Loading class com/sun/org/apache/xerces/internal/dom/CommentImpl
Event: 117.614 Loading class org/w3c/dom/Comment
Event: 117.614 Loading class org/w3c/dom/Comment done
Event: 117.614 Loading class com/sun/org/apache/xerces/internal/dom/CommentImpl done
Event: 117.614 Loading class com/sun/org/apache/xerces/internal/dom/DeferredCommentImpl done
Event: 125.244 Loading class java/util/concurrent/locks/ReentrantReadWriteLock$Sync$HoldCounter
Event: 125.245 Loading class java/util/concurrent/locks/ReentrantReadWriteLock$Sync$HoldCounter done

Classes unloaded (0 events):
No events

Classes redefined (0 events):
No events

Internal exceptions (20 events):
Event: 114.427 Thread 0x0000019f30032a70 Exception <a 'java/lang/NoSuchMethodError'{0x000000061006bef0}: 'java.lang.Object java.lang.invoke.DirectMethodHandle$Holder.invokeSpecial(java.lang.Object, java.lang.Object, int, java.lang.Object, int)'> (0x000000061006bef0) 
thrown [s\src\hotspot\share\interpreter\linkResolver.cpp, line 773]
Event: 114.910 Thread 0x0000019f30032a70 Exception <a 'java/lang/NoSuchMethodError'{0x000000060f39dfa0}: 'java.lang.Object java.lang.invoke.DirectMethodHandle$Holder.invokeStatic(java.lang.Object, java.lang.Object, int, java.lang.Object, java.lang.Object)'> (0x000000060f39dfa0) 
thrown [s\src\hotspot\share\interpreter\linkResolver.cpp, line 773]
Event: 115.774 Thread 0x0000019f30032a70 Exception <a 'java/lang/NoSuchMethodError'{0x000000061271fe30}: 'java.lang.Object java.lang.invoke.DirectMethodHandle$Holder.invokeStatic(java.lang.Object, int, int)'> (0x000000061271fe30) 
thrown [s\src\hotspot\share\interpreter\linkResolver.cpp, line 773]
Event: 115.903 Thread 0x0000019f30032a70 Exception <a 'java/lang/NoSuchMethodError'{0x00000006122fd160}: 'java.lang.Object java.lang.invoke.DirectMethodHandle$Holder.invokeStatic(java.lang.Object, java.lang.Object, int, int)'> (0x00000006122fd160) 
thrown [s\src\hotspot\share\interpreter\linkResolver.cpp, line 773]
Event: 116.096 Thread 0x0000019f30032a70 Exception <a 'java/lang/NoSuchMethodError'{0x0000000611b45c08}: 'java.lang.Object java.lang.invoke.DirectMethodHandle$Holder.invokeStatic(java.lang.Object, int, int, java.lang.Object)'> (0x0000000611b45c08) 
thrown [s\src\hotspot\share\interpreter\linkResolver.cpp, line 773]
Event: 116.170 Thread 0x0000019f30032a70 Exception <a 'java/lang/NoSuchMethodError'{0x0000000611629480}: 'void java.lang.invoke.DirectMethodHandle$Holder.invokeStaticInit(java.lang.Object, java.lang.Object, java.lang.Object, java.lang.Object, java.lang.Object, java.lang.Object, java.lang.Object, int)'> (0x0000000611629480) 
thrown [s\src\hotspot\share\interpreter\linkResolver.cpp, line 773]
Event: 116.219 Thread 0x0000019f30032a70 Exception <a 'sun/nio/fs/WindowsException'{0x000000061105c390}> (0x000000061105c390) 
thrown [s\src\hotspot\share\prims\jni.cpp, line 520]
Event: 116.221 Thread 0x0000019f30032a70 Exception <a 'sun/nio/fs/WindowsException'{0x000000061105ddc8}> (0x000000061105ddc8) 
thrown [s\src\hotspot\share\prims\jni.cpp, line 520]
Event: 116.258 Thread 0x0000019f30032a70 Exception <a 'sun/nio/fs/WindowsException'{0x000000061116afd0}> (0x000000061116afd0) 
thrown [s\src\hotspot\share\prims\jni.cpp, line 520]
Event: 116.281 Thread 0x0000019f30032a70 Exception <a 'sun/nio/fs/WindowsException'{0x0000000611178580}> (0x0000000611178580) 
thrown [s\src\hotspot\share\prims\jni.cpp, line 520]
Event: 116.306 Thread 0x0000019f30032a70 Exception <a 'sun/nio/fs/WindowsException'{0x0000000611180f28}> (0x0000000611180f28) 
thrown [s\src\hotspot\share\prims\jni.cpp, line 520]
Event: 116.334 Thread 0x0000019f30032a70 Exception <a 'sun/nio/fs/WindowsException'{0x000000061118a130}> (0x000000061118a130) 
thrown [s\src\hotspot\share\prims\jni.cpp, line 520]
Event: 116.372 Thread 0x0000019f30032a70 Exception <a 'sun/nio/fs/WindowsException'{0x00000006111a63b8}> (0x00000006111a63b8) 
thrown [s\src\hotspot\share\prims\jni.cpp, line 520]
Event: 117.431 Thread 0x0000019f30032a70 Exception <a 'java/lang/NoSuchMethodError'{0x0000000610d916d0}: 'void java.lang.invoke.DirectMethodHandle$Holder.invokeVirtual(java.lang.Object, java.lang.Object, long)'> (0x0000000610d916d0) 
thrown [s\src\hotspot\share\interpreter\linkResolver.cpp, line 773]
Event: 117.431 Thread 0x0000019f30032a70 Implicit null exception at 0x0000019ecced5cf7 to 0x0000019ecced5ea8
Event: 117.508 Thread 0x0000019f30032a70 Exception <a 'java/lang/NoSuchMethodError'{0x0000000610ebf3a8}: 'int java.lang.invoke.DirectMethodHandle$Holder.invokeSpecial(java.lang.Object, java.lang.Object, int)'> (0x0000000610ebf3a8) 
thrown [s\src\hotspot\share\interpreter\linkResolver.cpp, line 773]
Event: 124.056 Thread 0x0000019f30eb9900 Implicit null exception at 0x0000019ecd0f29ee to 0x0000019ecd0f3ea0
Event: 124.057 Thread 0x0000019f30eb9900 Implicit null exception at 0x0000019ecd0f29ee to 0x0000019ecd0f3ea0
Event: 125.307 Thread 0x0000019f30eb8be0 Implicit null exception at 0x0000019ecd0f29ee to 0x0000019ecd0f3ea0
Event: 125.309 Thread 0x0000019f30eb8be0 Implicit null exception at 0x0000019ecd0f29ee to 0x0000019ecd0f3ea0

ZGC Phase Switch (0 events):
No events

VM Operations (20 events):
Event: 120.296 Executing non-safepoint VM operation: RendezvousGCThreads done
Event: 121.239 Executing safepoint VM operation: ICBufferFull
Event: 121.239 Executing safepoint VM operation: ICBufferFull done
Event: 122.239 Executing safepoint VM operation: Cleanup
Event: 122.239 Executing safepoint VM operation: Cleanup done
Event: 123.240 Executing safepoint VM operation: Cleanup
Event: 123.240 Executing safepoint VM operation: Cleanup done
Event: 124.240 Executing safepoint VM operation: Cleanup
Event: 124.240 Executing safepoint VM operation: Cleanup done
Event: 125.241 Executing safepoint VM operation: Cleanup
Event: 125.241 Executing safepoint VM operation: Cleanup done
Event: 126.242 Executing safepoint VM operation: Cleanup
Event: 126.242 Executing safepoint VM operation: Cleanup done
Event: 127.242 Executing safepoint VM operation: Cleanup
Event: 127.243 Executing safepoint VM operation: Cleanup done
Event: 128.243 Executing safepoint VM operation: Cleanup
Event: 128.243 Executing safepoint VM operation: Cleanup done
Event: 129.244 Executing safepoint VM operation: Cleanup
Event: 129.244 Executing safepoint VM operation: Cleanup done
Event: 129.281 Executing safepoint VM operation: G1CollectForAllocation (G1 Evacuation Pause)

Memory protections (0 events):
No events

Nmethod flushes (20 events):
Event: 113.887 Thread 0x0000019ee8a315f0 flushing  nmethod 0x0000019ebdaff990
Event: 113.887 Thread 0x0000019ee8a315f0 flushing  nmethod 0x0000019ebdaffe10
Event: 113.887 Thread 0x0000019ee8a315f0 flushing  nmethod 0x0000019ebdb00390
Event: 113.887 Thread 0x0000019ee8a315f0 flushing  nmethod 0x0000019ebdb01d90
Event: 113.887 Thread 0x0000019ee8a315f0 flushing  nmethod 0x0000019ebdb02410
Event: 113.887 Thread 0x0000019ee8a315f0 flushing  nmethod 0x0000019ebdb44810
Event: 113.887 Thread 0x0000019ee8a315f0 flushing  nmethod 0x0000019ebdb45210
Event: 113.887 Thread 0x0000019ee8a315f0 flushing  nmethod 0x0000019ebdb45d90
Event: 113.887 Thread 0x0000019ee8a315f0 flushing  nmethod 0x0000019ebdb46c10
Event: 113.887 Thread 0x0000019ee8a315f0 flushing  nmethod 0x0000019ebdb46f90
Event: 113.887 Thread 0x0000019ee8a315f0 flushing  nmethod 0x0000019ebdb47310
Event: 113.887 Thread 0x0000019ee8a315f0 flushing  nmethod 0x0000019ebdb48190
Event: 113.887 Thread 0x0000019ee8a315f0 flushing  nmethod 0x0000019ebdb48790
Event: 113.887 Thread 0x0000019ee8a315f0 flushing  nmethod 0x0000019ebdb48b10
Event: 113.887 Thread 0x0000019ee8a315f0 flushing  nmethod 0x0000019ebdb49710
Event: 113.887 Thread 0x0000019ee8a315f0 flushing osr nmethod 0x0000019ebdb4a110
Event: 113.887 Thread 0x0000019ee8a315f0 flushing  nmethod 0x0000019ebdb4ae90
Event: 113.887 Thread 0x0000019ee8a315f0 flushing  nmethod 0x0000019ebdb4c210
Event: 113.887 Thread 0x0000019ee8a315f0 flushing  nmethod 0x0000019ebdbab310
Event: 113.887 Thread 0x0000019ee8a315f0 flushing  nmethod 0x0000019ebdbab690

Events (20 events):
Event: 118.679 Thread 0x0000019f30032a70 Thread added: 0x0000019f3503f800
Event: 118.680 Thread 0x0000019f30032a70 Thread added: 0x0000019f3503ca10
Event: 118.680 Thread 0x0000019f30032a70 Thread added: 0x0000019f3503ddc0
Event: 118.681 Thread 0x0000019f30032a70 Thread added: 0x0000019f3503f170
Event: 118.738 Thread 0x0000019ee8a632f0 Thread added: 0x0000019f3c6df690
Event: 119.214 Thread 0x0000019f3c6df690 Thread exited: 0x0000019f3c6df690
Event: 119.287 Thread 0x0000019ee8a632f0 Thread added: 0x0000019f3c6df690
Event: 119.752 Thread 0x0000019f3c6df690 Thread exited: 0x0000019f3c6df690
Event: 119.991 Thread 0x0000019f30032a70 Thread added: 0x0000019f35044030
Event: 119.991 Thread 0x0000019f30032a70 Thread added: 0x0000019f350425f0
Event: 119.991 Thread 0x0000019f30032a70 Thread added: 0x0000019f350439a0
Event: 120.244 Thread 0x0000019f30032a70 Thread added: 0x0000019f35040bb0
Event: 120.245 Thread 0x0000019f30032a70 Thread added: 0x0000019f35042c80
Event: 120.628 Thread 0x0000019ee8a632f0 Thread added: 0x0000019f3c6df690
Event: 120.646 Thread 0x0000019f30032a70 Thread added: 0x0000019f350446c0
Event: 120.647 Thread 0x0000019f30032a70 Thread added: 0x0000019f35041240
Event: 120.647 Thread 0x0000019f30032a70 Thread added: 0x0000019f35044d50
Event: 123.459 Thread 0x0000019f3c6df690 Thread exited: 0x0000019f3c6df690
Event: 123.683 Thread 0x0000019ee8a625f0 Thread added: 0x0000019f3c6df690
Event: 124.083 Thread 0x0000019f3c6df690 Thread exited: 0x0000019f3c6df690


Dynamic libraries:
0x00007ff698fb0000 - 0x00007ff698fbe000 	C:\Users\ThinkPad\.vscode\extensions\redhat.java-1.54.0-win32-x64\jre\21.0.10-win32-x86_64\bin\java.exe
0x00007ffaa2440000 - 0x00007ffaa26a7000 	C:\WINDOWS\SYSTEM32\ntdll.dll
0x00007ffaa0b60000 - 0x00007ffaa0c29000 	C:\WINDOWS\System32\KERNEL32.DLL
0x00007ffa9f270000 - 0x00007ffa9f667000 	C:\WINDOWS\System32\KERNELBASE.dll
0x00007ffa9efa0000 - 0x00007ffa9f0eb000 	C:\WINDOWS\System32\ucrtbase.dll
0x00007ffa3bac0000 - 0x00007ffa3bad8000 	C:\Users\ThinkPad\.vscode\extensions\redhat.java-1.54.0-win32-x64\jre\21.0.10-win32-x86_64\bin\jli.dll
0x00007ffa3bc10000 - 0x00007ffa3bc2e000 	C:\Users\ThinkPad\.vscode\extensions\redhat.java-1.54.0-win32-x64\jre\21.0.10-win32-x86_64\bin\VCRUNTIME140.dll
0x00007ffaa0c40000 - 0x00007ffaa0e06000 	C:\WINDOWS\System32\USER32.dll
0x00007ffa8d330000 - 0x00007ffa8d5c2000 	C:\WINDOWS\WinSxS\amd64_microsoft.windows.common-controls_6595b64144ccf1df_6.0.26100.8328_none_3e08182ce334b678\COMCTL32.dll
0x00007ffa9f720000 - 0x00007ffa9f747000 	C:\WINDOWS\System32\win32u.dll
0x00007ffaa0240000 - 0x00007ffaa02e9000 	C:\WINDOWS\System32\msvcrt.dll
0x00007ffaa1640000 - 0x00007ffaa166b000 	C:\WINDOWS\System32\GDI32.dll
0x00007ffa9ee70000 - 0x00007ffa9ef9c000 	C:\WINDOWS\System32\gdi32full.dll
0x00007ffa9f670000 - 0x00007ffa9f713000 	C:\WINDOWS\System32\msvcp_win.dll
0x00007ffaa1600000 - 0x00007ffaa1632000 	C:\WINDOWS\System32\IMM32.DLL
0x00007ffa759e0000 - 0x00007ffa759ec000 	C:\Users\ThinkPad\.vscode\extensions\redhat.java-1.54.0-win32-x64\jre\21.0.10-win32-x86_64\bin\vcruntime140_1.dll
0x00007ffa2fe70000 - 0x00007ffa2fefd000 	C:\Users\ThinkPad\.vscode\extensions\redhat.java-1.54.0-win32-x64\jre\21.0.10-win32-x86_64\bin\msvcp140.dll
0x00007ff9dbe90000 - 0x00007ff9dcc31000 	C:\Users\ThinkPad\.vscode\extensions\redhat.java-1.54.0-win32-x64\jre\21.0.10-win32-x86_64\bin\server\jvm.dll
0x00007ffaa1190000 - 0x00007ffaa1246000 	C:\WINDOWS\System32\ADVAPI32.dll
0x00007ffaa10e0000 - 0x00007ffaa1187000 	C:\WINDOWS\System32\sechost.dll
0x00007ffaa02f0000 - 0x00007ffaa0408000 	C:\WINDOWS\System32\RPCRT4.dll
0x00007ffaa0fc0000 - 0x00007ffaa1040000 	C:\WINDOWS\System32\WS2_32.dll
0x00007ffa9ecd0000 - 0x00007ffa9ed2e000 	C:\WINDOWS\SYSTEM32\POWRPROF.dll
0x00007ffa918f0000 - 0x00007ffa918fb000 	C:\WINDOWS\SYSTEM32\VERSION.dll
0x00007ffa8e560000 - 0x00007ffa8e596000 	C:\WINDOWS\SYSTEM32\WINMM.dll
0x00007ffa9ecb0000 - 0x00007ffa9ecc4000 	C:\WINDOWS\SYSTEM32\UMPDC.dll
0x00007ffa9dc00000 - 0x00007ffa9dc1b000 	C:\WINDOWS\SYSTEM32\kernel.appcore.dll
0x00007ffa754e0000 - 0x00007ffa754ea000 	C:\Users\ThinkPad\.vscode\extensions\redhat.java-1.54.0-win32-x64\jre\21.0.10-win32-x86_64\bin\jimage.dll
0x00007ffa9cfc0000 - 0x00007ffa9d202000 	C:\WINDOWS\SYSTEM32\DBGHELP.DLL
0x00007ffaa07d0000 - 0x00007ffaa0b53000 	C:\WINDOWS\System32\combase.dll
0x00007ffaa12c0000 - 0x00007ffaa1399000 	C:\WINDOWS\System32\OLEAUT32.dll
0x00007ffa86530000 - 0x00007ffa8656b000 	C:\WINDOWS\SYSTEM32\dbgcore.DLL
0x00007ffaa0110000 - 0x00007ffaa01b8000 	C:\WINDOWS\System32\bcryptPrimitives.dll
0x00007ffa73530000 - 0x00007ffa7353f000 	C:\Users\ThinkPad\.vscode\extensions\redhat.java-1.54.0-win32-x64\jre\21.0.10-win32-x86_64\bin\instrument.dll
0x00007ffa3b9e0000 - 0x00007ffa3ba00000 	C:\Users\ThinkPad\.vscode\extensions\redhat.java-1.54.0-win32-x64\jre\21.0.10-win32-x86_64\bin\java.dll
0x00007ffaa1b00000 - 0x00007ffaa226e000 	C:\WINDOWS\System32\SHELL32.dll
0x00007ffa9f750000 - 0x00007ffa9ffbc000 	C:\WINDOWS\System32\windows.storage.dll
0x00007ffaa0640000 - 0x00007ffaa0736000 	C:\WINDOWS\System32\SHCORE.dll
0x00007ffaa1250000 - 0x00007ffaa12b6000 	C:\WINDOWS\System32\shlwapi.dll
0x00007ffa9ed90000 - 0x00007ffa9edb9000 	C:\WINDOWS\SYSTEM32\profapi.dll
0x00007ffa3a130000 - 0x00007ffa3a148000 	C:\Users\ThinkPad\.vscode\extensions\redhat.java-1.54.0-win32-x64\jre\21.0.10-win32-x86_64\bin\zip.dll
0x00007ffa75460000 - 0x00007ffa75470000 	C:\Users\ThinkPad\.vscode\extensions\redhat.java-1.54.0-win32-x64\jre\21.0.10-win32-x86_64\bin\net.dll
0x00007ffa91720000 - 0x00007ffa91849000 	C:\WINDOWS\SYSTEM32\WINHTTP.dll
0x00007ffa9e170000 - 0x00007ffa9e1dc000 	C:\WINDOWS\system32\mswsock.dll
0x00007ffa3b4f0000 - 0x00007ffa3b506000 	C:\Users\ThinkPad\.vscode\extensions\redhat.java-1.54.0-win32-x64\jre\21.0.10-win32-x86_64\bin\nio.dll
0x00007ffa66820000 - 0x00007ffa66830000 	C:\Users\ThinkPad\.vscode\extensions\redhat.java-1.54.0-win32-x64\jre\21.0.10-win32-x86_64\bin\verify.dll
0x00007ffa38760000 - 0x00007ffa38787000 	C:\Users\ThinkPad\.gradle\native\1def1411415f61bf3af743bc5b6707747c0891f09f0c88961ee8f79bc544acac\windows-amd64\native-platform.dll
0x00007ffa356b0000 - 0x00007ffa35728000 	C:\Users\ThinkPad\.gradle\native\0.2.7\x86_64-windows-gnu\gradle-fileevents.dll
0x00007ffa787a0000 - 0x00007ffa787aa000 	C:\Users\ThinkPad\.vscode\extensions\redhat.java-1.54.0-win32-x64\jre\21.0.10-win32-x86_64\bin\management.dll
0x00007ffa640a0000 - 0x00007ffa640ac000 	C:\Users\ThinkPad\.vscode\extensions\redhat.java-1.54.0-win32-x64\jre\21.0.10-win32-x86_64\bin\management_ext.dll
0x00007ffaa0e10000 - 0x00007ffaa0e18000 	C:\WINDOWS\System32\PSAPI.DLL
0x00007ffa9d600000 - 0x00007ffa9d632000 	C:\WINDOWS\SYSTEM32\IPHLPAPI.DLL
0x00007ffaa0630000 - 0x00007ffaa063a000 	C:\WINDOWS\System32\NSI.dll
0x00007ffa64820000 - 0x00007ffa64829000 	C:\Users\ThinkPad\.vscode\extensions\redhat.java-1.54.0-win32-x64\jre\21.0.10-win32-x86_64\bin\extnet.dll
0x00007ffa9e450000 - 0x00007ffa9e46b000 	C:\WINDOWS\SYSTEM32\CRYPTSP.dll
0x00007ffa9db60000 - 0x00007ffa9db99000 	C:\WINDOWS\system32\rsaenh.dll
0x00007ffa9e220000 - 0x00007ffa9e253000 	C:\WINDOWS\SYSTEM32\USERENV.dll
0x00007ffa9ed60000 - 0x00007ffa9ed8a000 	C:\WINDOWS\SYSTEM32\bcrypt.dll
0x00007ffa9e470000 - 0x00007ffa9e47c000 	C:\WINDOWS\SYSTEM32\CRYPTBASE.dll
0x00007ffa665b0000 - 0x00007ffa665be000 	C:\Users\ThinkPad\.vscode\extensions\redhat.java-1.54.0-win32-x64\jre\21.0.10-win32-x86_64\bin\sunmscapi.dll
0x00007ffa9f0f0000 - 0x00007ffa9f268000 	C:\WINDOWS\System32\CRYPT32.dll
0x00007ffa9e670000 - 0x00007ffa9e6a0000 	C:\WINDOWS\SYSTEM32\ncrypt.dll
0x00007ffa9e620000 - 0x00007ffa9e65f000 	C:\WINDOWS\SYSTEM32\NTASN1.dll
0x00007ffa667b0000 - 0x00007ffa667b8000 	C:\WINDOWS\system32\wshunix.dll
0x00007ffa9d690000 - 0x00007ffa9d7c2000 	C:\WINDOWS\SYSTEM32\DNSAPI.dll
0x00007ffa8e350000 - 0x00007ffa8e35b000 	C:\Windows\System32\rasadhlp.dll
0x00007ffa90b30000 - 0x00007ffa90bb6000 	C:\WINDOWS\System32\fwpuclnt.dll
0x00007ffa83c00000 - 0x00007ffa83c18000 	C:\WINDOWS\system32\napinsp.dll
0x00007ffa83590000 - 0x00007ffa835a3000 	C:\WINDOWS\System32\winrnr.dll
0x00007ffa83560000 - 0x00007ffa83582000 	C:\WINDOWS\system32\nlansp_c.dll
0x00007ffa91940000 - 0x00007ffa91956000 	C:\WINDOWS\system32\wshbth.dll
0x00007ffa75be0000 - 0x00007ffa75be7000 	C:\Users\ThinkPad\.vscode\extensions\redhat.java-1.54.0-win32-x64\jre\21.0.10-win32-x86_64\bin\rmi.dll

JVMTI agents:
C:\Users\ThinkPad\.gradle\wrapper\dists\gradle-8.14-all\c2qonpi39x1mddn7hk5gh9iqj\gradle-8.14\lib\agents\gradle-instrumentation-agent-8.14.jar path:C:\Users\ThinkPad\.vscode\extensions\redhat.java-1.54.0-win32-x64\jre\21.0.10-win32-x86_64\bin\instrument.dll, loaded, initialized, instrumentlib options:none

dbghelp: loaded successfully - version: 4.0.5 - missing functions: none
symbol engine: initialized successfully - sym options: 0x614 - pdb path: .;C:\Users\ThinkPad\.vscode\extensions\redhat.java-1.54.0-win32-x64\jre\21.0.10-win32-x86_64\bin;C:\WINDOWS\SYSTEM32;C:\WINDOWS\WinSxS\amd64_microsoft.windows.common-controls_6595b64144ccf1df_6.0.26100.8328_none_3e08182ce334b678;C:\Users\ThinkPad\.vscode\extensions\redhat.java-1.54.0-win32-x64\jre\21.0.10-win32-x86_64\bin\server;C:\Users\ThinkPad\.gradle\native\1def1411415f61bf3af743bc5b6707747c0891f09f0c88961ee8f79bc544acac\windows-amd64;C:\Users\ThinkPad\.gradle\native\0.2.7\x86_64-windows-gnu

VM Arguments:
jvm_args: --add-opens=java.base/java.lang=ALL-UNNAMED --add-opens=java.base/java.lang.invoke=ALL-UNNAMED --add-opens=java.base/java.util=ALL-UNNAMED --add-opens=java.prefs/java.util.prefs=ALL-UNNAMED --add-exports=jdk.compiler/com.sun.tools.javac.api=ALL-UNNAMED --add-exports=jdk.compiler/com.sun.tools.javac.util=ALL-UNNAMED --add-opens=java.base/java.util=ALL-UNNAMED --add-opens=java.prefs/java.util.prefs=ALL-UNNAMED --add-opens=java.base/java.nio.charset=ALL-UNNAMED --add-opens=java.base/java.net=ALL-UNNAMED --add-opens=java.base/java.util.concurrent.atomic=ALL-UNNAMED --add-opens=java.xml/javax.xml.namespace=ALL-UNNAMED -XX:MaxMetaspaceSize=4G -XX:ReservedCodeCacheSize=512m -XX:+HeapDumpOnOutOfMemoryError -Xmx8G -Dfile.encoding=UTF-8 -Duser.country=GB -Duser.language=en -Duser.variant -javaagent:C:\Users\ThinkPad\.gradle\wrapper\dists\gradle-8.14-all\c2qonpi39x1mddn7hk5gh9iqj\gradle-8.14\lib\agents\gradle-instrumentation-agent-8.14.jar 
java_command: org.gradle.launcher.daemon.bootstrap.GradleDaemon 8.14
java_class_path (initial): C:\Users\ThinkPad\.gradle\wrapper\dists\gradle-8.14-all\c2qonpi39x1mddn7hk5gh9iqj\gradle-8.14\lib\gradle-daemon-main-8.14.jar
Launcher Type: SUN_STANDARD

[Global flags]
     intx CICompilerCount                          = 4                                         {product} {ergonomic}
     uint ConcGCThreads                            = 2                                         {product} {ergonomic}
     uint G1ConcRefinementThreads                  = 8                                         {product} {ergonomic}
   size_t G1HeapRegionSize                         = 4194304                                   {product} {ergonomic}
    uintx GCDrainStackTargetSize                   = 64                                        {product} {ergonomic}
     bool HeapDumpOnOutOfMemoryError               = true                                   {manageable} {command line}
   size_t InitialHeapSize                          = 134217728                                 {product} {ergonomic}
   size_t MarkStackSize                            = 4194304                                   {product} {ergonomic}
   size_t MaxHeapSize                              = 8589934592                                {product} {command line}
   size_t MaxMetaspaceSize                         = 4294967296                                {product} {command line}
   size_t MaxNewSize                               = 5150605312                                {product} {ergonomic}
   size_t MinHeapDeltaBytes                        = 4194304                                   {product} {ergonomic}
   size_t MinHeapSize                              = 8388608                                   {product} {ergonomic}
    uintx NonNMethodCodeHeapSize                   = 5839372                                {pd product} {ergonomic}
    uintx NonProfiledCodeHeapSize                  = 265515770                              {pd product} {ergonomic}
    uintx ProfiledCodeHeapSize                     = 265515770                              {pd product} {ergonomic}
    uintx ReservedCodeCacheSize                    = 536870912                              {pd product} {command line}
     bool SegmentedCodeCache                       = true                                      {product} {ergonomic}
   size_t SoftMaxHeapSize                          = 8589934592                             {manageable} {ergonomic}
     bool UseCompressedOops                        = true                           {product lp64_product} {ergonomic}
     bool UseG1GC                                  = true                                      {product} {ergonomic}
     bool UseLargePagesIndividualAllocation        = false                                  {pd product} {ergonomic}

Logging:
Log output configuration:
 #0: stdout all=warning uptime,level,tags foldmultilines=false
 #1: stderr all=off uptime,level,tags foldmultilines=false

Release file:
JAVA_VERSION="21.0.10" 
MODULES="java.base java.compiler java.datatransfer java.xml java.prefs java.desktop java.instrument java.logging java.management java.security.sasl java.naming java.rmi java.management.rmi java.net.http java.scripting java.security.jgss java.transaction.xa java.sql java.sql.rowset java.xml.crypto java.se java.smartcardio jdk.accessibility jdk.internal.jvmstat jdk.attach jdk.charsets jdk.internal.opt jdk.zipfs jdk.compiler jdk.crypto.ec jdk.crypto.cryptoki jdk.crypto.mscapi jdk.dynalink jdk.internal.ed jdk.editpad jdk.hotspot.agent jdk.httpserver jdk.internal.le jdk.internal.vm.ci jdk.internal.vm.compiler jdk.internal.vm.compiler.management jdk.jartool jdk.javadoc jdk.jcmd jdk.management jdk.management.agent jdk.jconsole jdk.jdeps jdk.jdwp.agent jdk.jdi jdk.jfr jdk.jshell jdk.jsobject jdk.jstatd jdk.localedata jdk.management.jfr jdk.naming.dns jdk.naming.rmi jdk.net jdk.nio.mapmode jdk.random jdk.sctp jdk.security.auth jdk.security.jgss jdk.unsupported jdk.unsupported.desktop jdk.xml.dom" 

Environment Variables:
JAVA_HOME=D:\jdk\jdk-17.0.0.1
PATH=C:\Users\ThinkPad\AppData\Local\Programs\Microsoft VS Code;D:\xamppp\php;C:\WINDOWS\system32;C:\WINDOWS;C:\WINDOWS\System32\Wbem;C:\WINDOWS\System32\WindowsPowerShell\v1.0\;C:\WINDOWS\System32\OpenSSH\;C:\Program Files\Intel\WiFi\bin\;C:\Program Files\Common Files\Intel\WirelessCommon\;C:\Program Files\nodejs\;C:\ProgramData\ComposerSetup\bin;D:\GIT\Program\cmd;D:\PBL2026\Go\bin;D:\fluttter\flutter\bin;C:\Users\ThinkPad\AppData\Local\Programs\Python\Python312\Scripts\;C:\Users\ThinkPad\AppData\Local\Programs\Python\Python312\;C:\Users\ThinkPad\AppData\Local\Microsoft\WindowsApps;C:\Users\ThinkPad\AppData\Local\Programs\Microsoft VS Code\bin;C:\Users\ThinkPad\AppData\Roaming\npm;C:\Program Files\JetBrains\IntelliJ IDEA Community Edition 2024.2.1\bin;;C:\Users\ThinkPad\AppData\Roaming\Composer\vendor\bin;C:\Users\ThinkPad\AppData\Local\Pub\Cache\bin;C:\Users\ThinkPad\go\bin;D:\PBL2026\Go\bin;D:\sdk\platform-tools;D:\jdk\jdk-17.0.0.1\bin;
USERNAME=ThinkPad
OS=Windows_NT
PROCESSOR_IDENTIFIER=Intel64 Family 6 Model 142 Stepping 10, GenuineIntel
TMP=C:\Users\ThinkPad\AppData\Local\Temp
TEMP=C:\Users\ThinkPad\AppData\Local\Temp




Periodic native trim disabled

---------------  S Y S T E M  ---------------

OS:
 Windows 11 , 64 bit Build 26100 (10.0.26100.8328)
OS uptime: 6 days 11:25 hours

CPU: total 8 (initial active 8) (4 cores per cpu, 2 threads per core) family 6 model 142 stepping 10 microcode 0xe0, cx8, cmov, fxsr, ht, mmx, 3dnowpref, sse, sse2, sse3, ssse3, sse4.1, sse4.2, popcnt, lzcnt, tsc, tscinvbit, avx, avx2, aes, erms, clmul, bmi1, bmi2, rtm, adx, fma, vzeroupper, clflush, clflushopt, rdtscp, f16c
Processor Information for processor 0
  Max Mhz: 2112, Current Mhz: 1508, Mhz Limit: 1900
Processor Information for processor 1
  Max Mhz: 2112, Current Mhz: 1910, Mhz Limit: 1900
Processor Information for processor 2
  Max Mhz: 2112, Current Mhz: 1910, Mhz Limit: 1900
Processor Information for processor 3
  Max Mhz: 2112, Current Mhz: 1910, Mhz Limit: 1900
Processor Information for processor 4
  Max Mhz: 2112, Current Mhz: 1910, Mhz Limit: 1900
Processor Information for processor 5
  Max Mhz: 2112, Current Mhz: 1508, Mhz Limit: 1900
Processor Information for processor 6
  Max Mhz: 2112, Current Mhz: 1910, Mhz Limit: 1900
Processor Information for processor 7
  Max Mhz: 2112, Current Mhz: 1910, Mhz Limit: 1900

Memory: 4k page, system-wide physical 8075M (376M free)
TotalPageFile size 16522M (AvailPageFile size 3M)
current process WorkingSet (physical memory assigned to process): 558M, peak: 690M
current process commit charge ("private bytes"): 786M, peak: 878M

vm_info: OpenJDK 64-Bit Server VM (21.0.10+7-LTS) for windows-amd64 JRE (21.0.10+7-LTS), built on 2026-01-20T00:00:00Z by "admin" with MS VC++ 17.12 (VS2022)

END.
